Archive member included to satisfy reference by file (symbol)

.\CortexM3\ARM_GCC_541\Debug\AY1920_II_HW_05_PROJ_3.a(UART_Debug.o)
                              .\CortexM3\ARM_GCC_541\Debug\main.o (UART_Debug_Start)
.\CortexM3\ARM_GCC_541\Debug\AY1920_II_HW_05_PROJ_3.a(I2C_Master.o)
                              .\CortexM3\ARM_GCC_541\Debug\I2C_Interface.o (I2C_Master_Start)
.\CortexM3\ARM_GCC_541\Debug\AY1920_II_HW_05_PROJ_3.a(I2C_Master_INT.o)
                              .\CortexM3\ARM_GCC_541\Debug\AY1920_II_HW_05_PROJ_3.a(I2C_Master.o) (I2C_Master_ISR)
.\CortexM3\ARM_GCC_541\Debug\AY1920_II_HW_05_PROJ_3.a(I2C_Master_PM.o)
                              .\CortexM3\ARM_GCC_541\Debug\AY1920_II_HW_05_PROJ_3.a(I2C_Master.o) (I2C_Master_backup)
.\CortexM3\ARM_GCC_541\Debug\AY1920_II_HW_05_PROJ_3.a(I2C_Master_MASTER.o)
                              .\CortexM3\ARM_GCC_541\Debug\AY1920_II_HW_05_PROJ_3.a(I2C_Master.o) (I2C_Master_mstrStatus)
.\CortexM3\ARM_GCC_541\Debug\AY1920_II_HW_05_PROJ_3.a(UART_Debug_IntClock.o)
                              .\CortexM3\ARM_GCC_541\Debug\AY1920_II_HW_05_PROJ_3.a(UART_Debug.o) (UART_Debug_IntClock_Start)
.\CortexM3\ARM_GCC_541\Debug\AY1920_II_HW_05_PROJ_3.a(CyLib.o)
                              .\CortexM3\ARM_GCC_541\Debug\Cm3Start.o (CyHalt)
.\CortexM3\ARM_GCC_541\Debug\AY1920_II_HW_05_PROJ_3.a(cyPm.o)
                              .\CortexM3\ARM_GCC_541\Debug\AY1920_II_HW_05_PROJ_3.a(CyLib.o) (CyPmReadStatus)
.\CortexM3\ARM_GCC_541\Debug\AY1920_II_HW_05_PROJ_3.a(CyBootAsmGnu.o)
                              .\CortexM3\ARM_GCC_541\Debug\cyfitter_cfg.o (CyDelayCycles)
.\CortexM3\ARM_GCC_541\Debug\AY1920_II_HW_05_PROJ_3.a(CyFlash.o)
                              .\CortexM3\ARM_GCC_541\Debug\AY1920_II_HW_05_PROJ_3.a(cyPm.o) (CyFlash_SetWaitCycles)
.\CortexM3\ARM_GCC_541\Debug\AY1920_II_HW_05_PROJ_3.a(CySpc.o)
                              .\CortexM3\ARM_GCC_541\Debug\AY1920_II_HW_05_PROJ_3.a(CyFlash.o) (CySpcStart)
c:/program files (x86)/cypress/psoc creator/4.3/psoc creator/import/gnu/arm/5.4.1/bin/../lib/gcc/arm-none-eabi/5.4.1/armv7-m\libgcc.a(_arm_addsubdf3.o)
                              .\CortexM3\ARM_GCC_541\Debug\main.o (__aeabi_i2d)
c:/program files (x86)/cypress/psoc creator/4.3/psoc creator/import/gnu/arm/5.4.1/bin/../lib/gcc/arm-none-eabi/5.4.1/armv7-m\libgcc.a(_arm_muldivdf3.o)
                              .\CortexM3\ARM_GCC_541\Debug\main.o (__aeabi_dmul)
c:/program files (x86)/cypress/psoc creator/4.3/psoc creator/import/gnu/arm/5.4.1/bin/../lib/gcc/arm-none-eabi/5.4.1/armv7-m\libgcc.a(_arm_truncdfsf2.o)
                              .\CortexM3\ARM_GCC_541\Debug\main.o (__aeabi_d2f)
c:/program files (x86)/cypress/psoc creator/4.3/psoc creator/import/gnu/arm/5.4.1/bin/../lib/gcc/arm-none-eabi/5.4.1/../../../../arm-none-eabi/lib/armv7-m\libg_nano.a(lib_a-errno.o)
                              .\CortexM3\ARM_GCC_541\Debug\Cm3Start.o (__errno)
c:/program files (x86)/cypress/psoc creator/4.3/psoc creator/import/gnu/arm/5.4.1/bin/../lib/gcc/arm-none-eabi/5.4.1/../../../../arm-none-eabi/lib/armv7-m\libg_nano.a(lib_a-exit.o)
                              c:/program files (x86)/cypress/psoc creator/4.3/psoc creator/import/gnu/arm/5.4.1/bin/../lib/gcc/arm-none-eabi/5.4.1/../../../../arm-none-eabi/lib/armv7-m/crt0.o (exit)
c:/program files (x86)/cypress/psoc creator/4.3/psoc creator/import/gnu/arm/5.4.1/bin/../lib/gcc/arm-none-eabi/5.4.1/../../../../arm-none-eabi/lib/armv7-m\libg_nano.a(lib_a-impure.o)
                              c:/program files (x86)/cypress/psoc creator/4.3/psoc creator/import/gnu/arm/5.4.1/bin/../lib/gcc/arm-none-eabi/5.4.1/../../../../arm-none-eabi/lib/armv7-m\libg_nano.a(lib_a-exit.o) (_global_impure_ptr)
c:/program files (x86)/cypress/psoc creator/4.3/psoc creator/import/gnu/arm/5.4.1/bin/../lib/gcc/arm-none-eabi/5.4.1/../../../../arm-none-eabi/lib/armv7-m\libg_nano.a(lib_a-init.o)
                              c:/program files (x86)/cypress/psoc creator/4.3/psoc creator/import/gnu/arm/5.4.1/bin/../lib/gcc/arm-none-eabi/5.4.1/../../../../arm-none-eabi/lib/armv7-m/crt0.o (__libc_init_array)
c:/program files (x86)/cypress/psoc creator/4.3/psoc creator/import/gnu/arm/5.4.1/bin/../lib/gcc/arm-none-eabi/5.4.1/../../../../arm-none-eabi/lib/armv7-m\libg_nano.a(lib_a-memcpy-stub.o)
                              .\CortexM3\ARM_GCC_541\Debug\cyfitter_cfg.o (memcpy)
c:/program files (x86)/cypress/psoc creator/4.3/psoc creator/import/gnu/arm/5.4.1/bin/../lib/gcc/arm-none-eabi/5.4.1/../../../../arm-none-eabi/lib/armv7-m\libg_nano.a(lib_a-memset.o)
                              c:/program files (x86)/cypress/psoc creator/4.3/psoc creator/import/gnu/arm/5.4.1/bin/../lib/gcc/arm-none-eabi/5.4.1/../../../../arm-none-eabi/lib/armv7-m/crt0.o (memset)
c:/program files (x86)/cypress/psoc creator/4.3/psoc creator/import/gnu/arm/5.4.1/bin/../lib/gcc/arm-none-eabi/5.4.1/../../../../arm-none-eabi/lib/armv7-m\libg_nano.a(lib_a-nano-vfprintf_float.o)
[...]
Memory Configuration

Name             Origin             Length             Attributes
rom              0x00000000         0x00040000         xr
ram              0x1fff8000         0x00010000         xrw
*default*        0x00000000         0xffffffff

Linker script and memory map

LOAD c:/program files (x86)/cypress/psoc creator/4.3/psoc creator/import/gnu/arm/5.4.1/bin/../lib/gcc/arm-none-eabi/5.4.1/armv7-m/crti.o
LOAD c:/program files (x86)/cypress/psoc creator/4.3/psoc creator/import/gnu/arm/5.4.1/bin/../lib/gcc/arm-none-eabi/5.4.1/armv7-m/crtbegin.o
LOAD c:/program files (x86)/cypress/psoc creator/4.3/psoc creator/import/gnu/arm/5.4.1/bin/../lib/gcc/arm-none-eabi/5.4.1/../../../../arm-none-eabi/lib/armv7-m/crt0.o
START GROUP
LOAD .\CortexM3\ARM_GCC_541\Debug\main.o
LOAD .\CortexM3\ARM_GCC_541\Debug\I2C_Interface.o
LOAD .\CortexM3\ARM_GCC_541\Debug\cyfitter_cfg.o
LOAD .\CortexM3\ARM_GCC_541\Debug\cymetadata.o
LOAD .\CortexM3\ARM_GCC_541\Debug\Cm3Start.o
LOAD .\CortexM3\ARM_GCC_541\Debug\AY1920_II_HW_05_PROJ_3.a
LOAD C:\Program Files (x86)\Cypress\PSoC Creator\4.3\PSoC Creator\psoc\content\cycomponentlibrary\CyComponentLibrary.cylib\CortexM3\ARM_GCC_541\Debug\CyComponentLibrary.a
END GROUP
START GROUP
LOAD c:/program files (x86)/cypress/psoc creator/4.3/psoc creator/import/gnu/arm/5.4.1/bin/../lib/gcc/arm-none-eabi/5.4.1/armv7-m\libgcc.a
LOAD c:/program files (x86)/cypress/psoc creator/4.3/psoc creator/import/gnu/arm/5.4.1/bin/../lib/gcc/arm-none-eabi/5.4.1/../../../../arm-none-eabi/lib/armv7-m\libg_nano.a
LOAD c:/program files (x86)/cypress/psoc creator/4.3/psoc creator/import/gnu/arm/5.4.1/bin/../lib/gcc/arm-none-eabi/5.4.1/../../../../arm-none-eabi/lib/armv7-m\libc_nano.a
END GROUP
START GROUP
LOAD c:/program files (x86)/cypress/psoc creator/4.3/psoc creator/import/gnu/arm/5.4.1/bin/../lib/gcc/arm-none-eabi/5.4.1/armv7-m\libgcc.a
LOAD c:/program files (x86)/cypress/psoc creator/4.3/psoc creator/import/gnu/arm/5.4.1/bin/../lib/gcc/arm-none-eabi/5.4.1/../../../../arm-none-eabi/lib/armv7-m\libc_nano.a
END GROUP
LOAD c:/program files (x86)/cypress/psoc creator/4.3/psoc creator/import/gnu/arm/5.4.1/bin/../lib/gcc/arm-none-eabi/5.4.1/armv7-m/crtend.o
LOAD c:/program files (x86)/cypress/psoc creator/4.3/psoc creator/import/gnu/arm/5.4.1/bin/../lib/gcc/arm-none-eabi/5.4.1/armv7-m/crtn.o
START GROUP
LOAD c:/program files (x86)/cypress/psoc creator/4.3/psoc creator/import/gnu/arm/5.4.1/bin/../lib/gcc/arm-none-eabi/5.4.1/armv7-m\libgcc.a
LOAD c:/program files (x86)/cypress/psoc creator/4.3/psoc creator/import/gnu/arm/5.4.1/bin/../lib/gcc/arm-none-eabi/5.4.1/../../../../arm-none-eabi/lib/armv7-m\libc.a
LOAD c:/program files (x86)/cypress/psoc creator/4.3/psoc creator/import/gnu/arm/5.4.1/bin/../lib/gcc/arm-none-eabi/5.4.1/../../../../arm-none-eabi/lib/armv7-m\libnosys.a
END GROUP
                0x00000000                CY_APPL_ORIGIN = 0x0
                0x00000100                CY_FLASH_ROW_SIZE = 0x100
                0x00000020                CY_ECC_ROW_SIZE = 0x20
                0x00000000                CY_EE_IN_BTLDR = 0x0
                0x00000000                CY_APPL_LOADABLE = 0x0
                0x00000800                CY_EE_SIZE = 0x800
                0x00000001                CY_APPL_NUM = 0x1
                0x00000001                CY_APPL_MAX = 0x1
                0x00000040                CY_METADATA_SIZE = 0x40
                0x00000000                CY_APPL_LOADABLE = 0x0
                0x00000000                CY_CHECKSUM_EXCLUDE_SIZE = ALIGN (0x0, CY_FLASH_ROW_SIZE)
                [!provide]                PROVIDE (__cy_heap_start, _end)
                0x00000001                PROVIDE (__cy_region_num, ((__cy_regions_end - __cy_regions) / 0x10))
                0x20008000                PROVIDE (__cy_stack, (ORIGIN (ram) + LENGTH (ram)))
                [!provide]                PROVIDE (__cy_heap_end, (__cy_stack - 0x800))

.cybootloader   0x00000000        0x0
 *(.cybootloader)
                0x00000000                appl1_start = CY_APPL_ORIGIN?CY_APPL_ORIGIN:ALIGN (CY_FLASH_ROW_SIZE)
                0x0001ff00                appl2_start = (appl1_start + ALIGN ((((LENGTH (rom) - appl1_start) - (0x2 * CY_FLASH_ROW_SIZE)) / 0x2), CY_FLASH_ROW_SIZE))
                0x00000000                appl_start = (CY_APPL_NUM == 0x1)?appl1_start:appl2_start
                0x00000000                ecc_offset = ((appl_start / CY_FLASH_ROW_SIZE) * CY_ECC_ROW_SIZE)
                0x00000000                ee_offset = (CY_APPL_LOADABLE && ! (CY_EE_IN_BTLDR))?((CY_EE_SIZE / CY_APPL_MAX) * (CY_APPL_NUM - 0x1)):0x0
                0x00000800                ee_size = (CY_APPL_LOADABLE && ! (CY_EE_IN_BTLDR))?(CY_EE_SIZE / CY_APPL_MAX):CY_EE_SIZE
                [!provide]                PROVIDE (CY_ECC_OFFSET, ecc_offset)

.text           0x00000000     0x3764
 CREATE_OBJECT_SYMBOLS
                0x00000000                PROVIDE (__cy_interrupt_vector, RomVectors)
 *(.romvectors)
 .romvectors    0x00000000       0x10 .\CortexM3\ARM_GCC_541\Debug\Cm3Start.o
                0x00000000                RomVectors
                0x00000001                ASSERT ((. != __cy_interrupt_vector), No interrupt vector)
                0x00000001                ASSERT (CY_APPL_ORIGIN?(SIZEOF (.cybootloader) <= CY_APPL_ORIGIN):0x1, Wrong image location)
                0x00000010                PROVIDE (__cy_reset, Reset)
 *(.text.Reset)
 .text.Reset    0x00000010       0x18 .\CortexM3\ARM_GCC_541\Debug\Cm3Start.o
                0x00000010                Reset
                0x00000001                ASSERT ((. != __cy_reset), No reset code)
 *(.dma_init)
                0x00000001                ASSERT ((((appl_start + .) <= 0x10000) || 0x1), DMA Init must be within the first 64k of flash)
 *(.text .text.* .gnu.linkonce.t.*)
 .text          0x00000028       0x5c c:/program files (x86)/cypress/psoc creator/4.3/psoc creator/import/gnu/arm/5.4.1/bin/../lib/gcc/arm-none-eabi/5.4.1/armv7-m/crtbegin.o
 *fill*         0x00000084        0x4 
 .text.main     0x00000088      0x18c .\CortexM3\ARM_GCC_541\Debug\main.o
                0x00000088                main
 .text.I2C_Peripheral_Start
                0x00000214        0xc .\CortexM3\ARM_GCC_541\Debug\I2C_Interface.o
                0x00000214                I2C_Peripheral_Start
 .text.I2C_Peripheral_ReadRegister
                0x00000220       0x3c .\CortexM3\ARM_GCC_541\Debug\I2C_Interface.o
                0x00000220                I2C_Peripheral_ReadRegister
 .text.I2C_Peripheral_ReadRegisterMulti
                0x0000025c       0x60 .\CortexM3\ARM_GCC_541\Debug\I2C_Interface.o
                0x0000025c                I2C_Peripheral_ReadRegisterMulti
 .text.I2C_Peripheral_WriteRegister
                0x000002bc       0x30 .\CortexM3\ARM_GCC_541\Debug\I2C_Interface.o
                0x000002bc                I2C_Peripheral_WriteRegister
 .text.I2C_Peripheral_IsDeviceConnected
                0x000002ec       0x18 .\CortexM3\ARM_GCC_541\Debug\I2C_Interface.o
                0x000002ec                I2C_Peripheral_IsDeviceConnected
 .text.CyClockStartupError
                0x00000304        0x4 .\CortexM3\ARM_GCC_541\Debug\cyfitter_cfg.o
 .text.cfg_write_bytes32
                0x00000308       0x34 .\CortexM3\ARM_GCC_541\Debug\cyfitter_cfg.o
 .text.AnalogSetDefault
                0x0000033c       0x28 .\CortexM3\ARM_GCC_541\Debug\cyfitter_cfg.o
 .text.CYMEMZERO
                0x00000364        0xc .\CortexM3\ARM_GCC_541\Debug\cyfitter_cfg.o
 .text.ClockSetup
                0x00000370       0xb8 .\CortexM3\ARM_GCC_541\Debug\cyfitter_cfg.o
 .text.CYCONFIGCPY
                0x00000428        0x8 .\CortexM3\ARM_GCC_541\Debug\cyfitter_cfg.o
 .text.cyfitter_cfg
                0x00000430       0xfc .\CortexM3\ARM_GCC_541\Debug\cyfitter_cfg.o
                0x00000430                cyfitter_cfg
 .text.IntDefaultHandler
                0x0000052c       0x10 .\CortexM3\ARM_GCC_541\Debug\Cm3Start.o
                0x0000052c                IntDefaultHandler
 .text._sbrk    0x0000053c       0x30 .\CortexM3\ARM_GCC_541\Debug\Cm3Start.o
                0x0000053c                _sbrk
 .text.Start_c  0x0000056c       0x4c .\CortexM3\ARM_GCC_541\Debug\Cm3Start.o
                0x0000056c                Start_c
 .text.initialize_psoc
                0x000005b8       0x68 .\CortexM3\ARM_GCC_541\Debug\Cm3Start.o
                0x000005b8                initialize_psoc
 .text.UART_Debug_Init
                0x00000620       0x28 .\CortexM3\ARM_GCC_541\Debug\AY1920_II_HW_05_PROJ_3.a(UART_Debug.o)
                0x00000620                UART_Debug_Init
 .text.UART_Debug_Enable
                0x00000648       0x38 .\CortexM3\ARM_GCC_541\Debug\AY1920_II_HW_05_PROJ_3.a(UART_Debug.o)
                0x00000648                UART_Debug_Enable
 .text.UART_Debug_Start
                0x00000680       0x1c .\CortexM3\ARM_GCC_541\Debug\AY1920_II_HW_05_PROJ_3.a(UART_Debug.o)
                0x00000680                UART_Debug_Start
 .text.UART_Debug_PutChar
                0x0000069c       0x18 .\CortexM3\ARM_GCC_541\Debug\AY1920_II_HW_05_PROJ_3.a(UART_Debug.o)
                0x0000069c                UART_Debug_PutChar
 .text.UART_Debug_PutString
                0x000006b4       0x24 .\CortexM3\ARM_GCC_541\Debug\AY1920_II_HW_05_PROJ_3.a(UART_Debug.o)
                0x000006b4                UART_Debug_PutString
 .text.I2C_Master_Init
                0x000006d8       0x68 .\CortexM3\ARM_GCC_541\Debug\AY1920_II_HW_05_PROJ_3.a(I2C_Master.o)
                0x000006d8                I2C_Master_Init
 .text.I2C_Master_Enable
                0x00000740       0x24 .\CortexM3\ARM_GCC_541\Debug\AY1920_II_HW_05_PROJ_3.a(I2C_Master.o)
                0x00000740                I2C_Master_Enable
 .text.I2C_Master_Start
                0x00000764       0x28 .\CortexM3\ARM_GCC_541\Debug\AY1920_II_HW_05_PROJ_3.a(I2C_Master.o)
                0x00000764                I2C_Master_Start
 .text.I2C_Master_ISR
                0x0000078c      0x2d0 .\CortexM3\ARM_GCC_541\Debug\AY1920_II_HW_05_PROJ_3.a(I2C_Master_INT.o)
                0x0000078c                I2C_Master_ISR
 .text.I2C_Master_MasterSendStart
                0x00000a5c       0x80 .\CortexM3\ARM_GCC_541\Debug\AY1920_II_HW_05_PROJ_3.a(I2C_Master_MASTER.o)
                0x00000a5c                I2C_Master_MasterSendStart
 .text.I2C_Master_MasterSendRestart
                0x00000adc       0x6c .\CortexM3\ARM_GCC_541\Debug\AY1920_II_HW_05_PROJ_3.a(I2C_Master_MASTER.o)
                0x00000adc                I2C_Master_MasterSendRestart
 .text.I2C_Master_MasterSendStop
                0x00000b48       0x38 .\CortexM3\ARM_GCC_541\Debug\AY1920_II_HW_05_PROJ_3.a(I2C_Master_MASTER.o)
                0x00000b48                I2C_Master_MasterSendStop
 .text.I2C_Master_MasterWriteByte
                0x00000b80       0x58 .\CortexM3\ARM_GCC_541\Debug\AY1920_II_HW_05_PROJ_3.a(I2C_Master_MASTER.o)
                0x00000b80                I2C_Master_MasterWriteByte
 .text.I2C_Master_MasterReadByte
                0x00000bd8       0x58 .\CortexM3\ARM_GCC_541\Debug\AY1920_II_HW_05_PROJ_3.a(I2C_Master_MASTER.o)
                0x00000bd8                I2C_Master_MasterReadByte
 .text.UART_Debug_IntClock_Start
                0x00000c30       0x1c .\CortexM3\ARM_GCC_541\Debug\AY1920_II_HW_05_PROJ_3.a(UART_Debug_IntClock.o)
                0x00000c30                UART_Debug_IntClock_Start
 .text.CyHalt   0x00000c4c        0x4 .\CortexM3\ARM_GCC_541\Debug\AY1920_II_HW_05_PROJ_3.a(CyLib.o)
                0x00000c4c                CyHalt
 .text.CyDelay  0x00000c50       0x2c .\CortexM3\ARM_GCC_541\Debug\AY1920_II_HW_05_PROJ_3.a(CyLib.o)
                0x00000c50                CyDelay
 .text.CyIntSetVector
                0x00000c7c       0x28 .\CortexM3\ARM_GCC_541\Debug\AY1920_II_HW_05_PROJ_3.a(CyLib.o)
                0x00000c7c                CyIntSetVector
 .text.CyIntSetPriority
                0x00000ca4       0x30 .\CortexM3\ARM_GCC_541\Debug\AY1920_II_HW_05_PROJ_3.a(CyLib.o)
                0x00000ca4                CyIntSetPriority
 *fill*         0x00000cd4        0x4 
 .text          0x00000cd8       0x20 .\CortexM3\ARM_GCC_541\Debug\AY1920_II_HW_05_PROJ_3.a(CyBootAsmGnu.o)
                0x00000cd8                CyDelayCycles
                0x00000ce8                CyEnterCriticalSection
                0x00000cf0                CyExitCriticalSection
 .text          0x00000cf8      0x370 c:/program files (x86)/cypress/psoc creator/4.3/psoc creator/import/gnu/arm/5.4.1/bin/../lib/gcc/arm-none-eabi/5.4.1/armv7-m\libgcc.a(_arm_addsubdf3.o)
                0x00000cf8                __aeabi_drsub
                0x00000d00                __aeabi_dsub
                0x00000d00                __subdf3
                0x00000d04                __aeabi_dadd
                0x00000d04                __adddf3
                0x00000f7c                __floatunsidf
                0x00000f7c                __aeabi_ui2d
                0x00000f9c                __floatsidf
                0x00000f9c                __aeabi_i2d
                0x00000fc0                __aeabi_f2d
                0x00000fc0                __extendsfdf2
                0x00000ffc                __floatundidf
                0x00000ffc                __aeabi_ul2d
                0x0000100c                __floatdidf
                0x0000100c                __aeabi_l2d
 .text          0x00001068      0x424 c:/program files (x86)/cypress/psoc creator/4.3/psoc creator/import/gnu/arm/5.4.1/bin/../lib/gcc/arm-none-eabi/5.4.1/armv7-m\libgcc.a(_arm_muldivdf3.o)
                0x00001068                __aeabi_dmul
                0x00001068                __muldf3
                0x000012bc                __divdf3
                0x000012bc                __aeabi_ddiv
 .text          0x0000148c       0xa0 c:/program files (x86)/cypress/psoc creator/4.3/psoc creator/import/gnu/arm/5.4.1/bin/../lib/gcc/arm-none-eabi/5.4.1/armv7-m\libgcc.a(_arm_truncdfsf2.o)
                0x0000148c                __truncdfsf2
                0x0000148c                __aeabi_d2f
 .text.__errno  0x0000152c        0xc c:/program files (x86)/cypress/psoc creator/4.3/psoc creator/import/gnu/arm/5.4.1/bin/../lib/gcc/arm-none-eabi/5.4.1/../../../../arm-none-eabi/lib/armv7-m\libg_nano.a(lib_a-errno.o)
                0x0000152c                __errno
 .text.__libc_init_array
                0x00001538       0x4c c:/program files (x86)/cypress/psoc creator/4.3/psoc creator/import/gnu/arm/5.4.1/bin/../lib/gcc/arm-none-eabi/5.4.1/../../../../arm-none-eabi/lib/armv7-m\libg_nano.a(lib_a-init.o)
                0x00001538                __libc_init_array
 .text.memcpy   0x00001584       0x16 c:/program files (x86)/cypress/psoc creator/4.3/psoc creator/import/gnu/arm/5.4.1/bin/../lib/gcc/arm-none-eabi/5.4.1/../../../../arm-none-eabi/lib/armv7-m\libg_nano.a(lib_a-memcpy-stub.o)
                0x00001584                memcpy
 .text.memset   0x0000159a       0x10 c:/program files (x86)/cypress/psoc creator/4.3/psoc creator/import/gnu/arm/5.4.1/bin/../lib/gcc/arm-none-eabi/5.4.1/../../../../arm-none-eabi/lib/armv7-m\libg_nano.a(lib_a-memset.o)
                0x0000159a                memset
 .text.__cvt    0x000015aa       0xc0 c:/program files (x86)/cypress/psoc creator/4.3/psoc creator/import/gnu/arm/5.4.1/bin/../lib/gcc/arm-none-eabi/5.4.1/../../../../arm-none-eabi/lib/armv7-m\libg_nano.a(lib_a-nano-vfprintf_float.o)
                0x000015aa                __cvt
 .text.__exponent
                0x0000166a       0x62 c:/program files (x86)/cypress/psoc creator/4.3/psoc creator/import/gnu/arm/5.4.1/bin/../lib/gcc/arm-none-eabi/5.4.1/../../../../arm-none-eabi/lib/armv7-m\libg_nano.a(lib_a-nano-vfprintf_float.o)
                0x0000166a                __exponent
 .text._printf_float
                0x000016cc      0x488 c:/program files (x86)/cypress/psoc creator/4.3/psoc creator/import/gnu/arm/5.4.1/bin/../lib/gcc/arm-none-eabi/5.4.1/../../../../arm-none-eabi/lib/armv7-m\libg_nano.a(lib_a-nano-vfprintf_float.o)
                0x000016cc                _printf_float
 .text._printf_common
                0x00001b54       0xec c:/program files (x86)/cypress/psoc creator/4.3/psoc creator/import/gnu/arm/5.4.1/bin/../lib/gcc/arm-none-eabi/5.4.1/../../../../arm-none-eabi/lib/armv7-m\libg_nano.a(lib_a-nano-vfprintf_i.o)
                0x00001b54                _printf_common
 .text._printf_i
                0x00001c40      0x24c c:/program files (x86)/cypress/psoc creator/4.3/psoc creator/import/gnu/arm/5.4.1/bin/../lib/gcc/arm-none-eabi/5.4.1/../../../../arm-none-eabi/lib/armv7-m\libg_nano.a(lib_a-nano-vfprintf_i.o)
                0x00001c40                _printf_i
 .text.sprintf  0x00001e8c       0x48 c:/program files (x86)/cypress/psoc creator/4.3/psoc creator/import/gnu/arm/5.4.1/bin/../lib/gcc/arm-none-eabi/5.4.1/../../../../arm-none-eabi/lib/armv7-m\libg_nano.a(lib_a-sprintf.o)
                0x00001e8c                siprintf
                0x00001e8c                sprintf
 .text          0x00001ed4       0x10 c:/program files (x86)/cypress/psoc creator/4.3/psoc creator/import/gnu/arm/5.4.1/bin/../lib/gcc/arm-none-eabi/5.4.1/../../../../arm-none-eabi/lib/armv7-m\libg_nano.a(lib_a-strlen.o)
                0x00001ed4                strlen
 .text.quorem   0x00001ee4      0x116 c:/program files (x86)/cypress/psoc creator/4.3/psoc creator/import/gnu/arm/5.4.1/bin/../lib/gcc/arm-none-eabi/5.4.1/../../../../arm-none-eabi/lib/armv7-m\libg_nano.a(lib_a-dtoa.o)
 *fill*         0x00001ffa        0x6 
 .text._dtoa_r  0x00002000      0xb30 c:/program files (x86)/cypress/psoc creator/4.3/psoc creator/import/gnu/arm/5.4.1/bin/../lib/gcc/arm-none-eabi/5.4.1/../../../../arm-none-eabi/lib/armv7-m\libg_nano.a(lib_a-dtoa.o)
                0x00002000                _dtoa_r
 .text._localeconv_r
                0x00002b30        0x8 c:/program files (x86)/cypress/psoc creator/4.3/psoc creator/import/gnu/arm/5.4.1/bin/../lib/gcc/arm-none-eabi/5.4.1/../../../../arm-none-eabi/lib/armv7-m\libg_nano.a(lib_a-locale.o)
                0x00002b30                _localeconv_r
 .text.malloc   0x00002b38       0x10 c:/program files (x86)/cypress/psoc creator/4.3/psoc creator/import/gnu/arm/5.4.1/bin/../lib/gcc/arm-none-eabi/5.4.1/../../../../arm-none-eabi/lib/armv7-m\libg_nano.a(lib_a-malloc.o)
                0x00002b38                malloc
 .text.memchr   0x00002b48       0x1c c:/program files (x86)/cypress/psoc creator/4.3/psoc creator/import/gnu/arm/5.4.1/bin/../lib/gcc/arm-none-eabi/5.4.1/../../../../arm-none-eabi/lib/armv7-m\libg_nano.a(lib_a-memchr-stub.o)
                0x00002b48                memchr
 .text._Balloc  0x00002b64       0x6a c:/program files (x86)/cypress/psoc creator/4.3/psoc creator/import/gnu/arm/5.4.1/bin/../lib/gcc/arm-none-eabi/5.4.1/../../../../arm-none-eabi/lib/armv7-m\libg_nano.a(lib_a-mprec.o)
                0x00002b64                _Balloc
 .text._Bfree   0x00002bce       0x2e c:/program files (x86)/cypress/psoc creator/4.3/psoc creator/import/gnu/arm/5.4.1/bin/../lib/gcc/arm-none-eabi/5.4.1/../../../../arm-none-eabi/lib/armv7-m\libg_nano.a(lib_a-mprec.o)
                0x00002bce                _Bfree
 .text.__multadd
                0x00002bfc       0x76 c:/program files (x86)/cypress/psoc creator/4.3/psoc creator/import/gnu/arm/5.4.1/bin/../lib/gcc/arm-none-eabi/5.4.1/../../../../arm-none-eabi/lib/armv7-m\libg_nano.a(lib_a-mprec.o)
                0x00002bfc                __multadd
 .text.__hi0bits
                0x00002c72       0x40 c:/program files (x86)/cypress/psoc creator/4.3/psoc creator/import/gnu/arm/5.4.1/bin/../lib/gcc/arm-none-eabi/5.4.1/../../../../arm-none-eabi/lib/armv7-m\libg_nano.a(lib_a-mprec.o)
                0x00002c72                __hi0bits
 .text.__lo0bits
                0x00002cb2       0x5a c:/program files (x86)/cypress/psoc creator/4.3/psoc creator/import/gnu/arm/5.4.1/bin/../lib/gcc/arm-none-eabi/5.4.1/../../../../arm-none-eabi/lib/armv7-m\libg_nano.a(lib_a-mprec.o)
                0x00002cb2                __lo0bits
 .text.__i2b    0x00002d0c       0x12 c:/program files (x86)/cypress/psoc creator/4.3/psoc creator/import/gnu/arm/5.4.1/bin/../lib/gcc/arm-none-eabi/5.4.1/../../../../arm-none-eabi/lib/armv7-m\libg_nano.a(lib_a-mprec.o)
                0x00002d0c                __i2b
 .text.__multiply
                0x00002d1e      0x120 c:/program files (x86)/cypress/psoc creator/4.3/psoc creator/import/gnu/arm/5.4.1/bin/../lib/gcc/arm-none-eabi/5.4.1/../../../../arm-none-eabi/lib/armv7-m\libg_nano.a(lib_a-mprec.o)
                0x00002d1e                __multiply
 *fill*         0x00002e3e        0x2 
 .text.__pow5mult
                0x00002e40       0x9c c:/program files (x86)/cypress/psoc creator/4.3/psoc creator/import/gnu/arm/5.4.1/bin/../lib/gcc/arm-none-eabi/5.4.1/../../../../arm-none-eabi/lib/armv7-m\libg_nano.a(lib_a-mprec.o)
                0x00002e40                __pow5mult
 .text.__lshift
                0x00002edc       0xa2 c:/program files (x86)/cypress/psoc creator/4.3/psoc creator/import/gnu/arm/5.4.1/bin/../lib/gcc/arm-none-eabi/5.4.1/../../../../arm-none-eabi/lib/armv7-m\libg_nano.a(lib_a-mprec.o)
                0x00002edc                __lshift
 .text.__mcmp   0x00002f7e       0x38 c:/program files (x86)/cypress/psoc creator/4.3/psoc creator/import/gnu/arm/5.4.1/bin/../lib/gcc/arm-none-eabi/5.4.1/../../../../arm-none-eabi/lib/armv7-m\libg_nano.a(lib_a-mprec.o)
                0x00002f7e                __mcmp
 .text.__mdiff  0x00002fb6       0xbe c:/program files (x86)/cypress/psoc creator/4.3/psoc creator/import/gnu/arm/5.4.1/bin/../lib/gcc/arm-none-eabi/5.4.1/../../../../arm-none-eabi/lib/armv7-m\libg_nano.a(lib_a-mprec.o)
                0x00002fb6                __mdiff
 .text.__d2b    0x00003074       0x9c c:/program files (x86)/cypress/psoc creator/4.3/psoc creator/import/gnu/arm/5.4.1/bin/../lib/gcc/arm-none-eabi/5.4.1/../../../../arm-none-eabi/lib/armv7-m\libg_nano.a(lib_a-mprec.o)
                0x00003074                __d2b
 .text._calloc_r
                0x00003110       0x1c c:/program files (x86)/cypress/psoc creator/4.3/psoc creator/import/gnu/arm/5.4.1/bin/../lib/gcc/arm-none-eabi/5.4.1/../../../../arm-none-eabi/lib/armv7-m\libg_nano.a(lib_a-nano-callocr.o)
                0x00003110                _calloc_r
 .text._free_r  0x0000312c       0x98 c:/program files (x86)/cypress/psoc creator/4.3/psoc creator/import/gnu/arm/5.4.1/bin/../lib/gcc/arm-none-eabi/5.4.1/../../../../arm-none-eabi/lib/armv7-m\libg_nano.a(lib_a-nano-freer.o)
                0x0000312c                _free_r
 .text._malloc_r
                0x000031c4       0xbc c:/program files (x86)/cypress/psoc creator/4.3/psoc creator/import/gnu/arm/5.4.1/bin/../lib/gcc/arm-none-eabi/5.4.1/../../../../arm-none-eabi/lib/armv7-m\libg_nano.a(lib_a-nano-mallocr.o)
                0x000031c4                _malloc_r
 .text.__ssputs_r
                0x00003280       0xb2 c:/program files (x86)/cypress/psoc creator/4.3/psoc creator/import/gnu/arm/5.4.1/bin/../lib/gcc/arm-none-eabi/5.4.1/../../../../arm-none-eabi/lib/armv7-m\libg_nano.a(lib_a-nano-svfprintf.o)
                0x00003280                __ssputs_r
 *fill*         0x00003332        0x2 
 .text._svfprintf_r
                0x00003334      0x1e8 c:/program files (x86)/cypress/psoc creator/4.3/psoc creator/import/gnu/arm/5.4.1/bin/../lib/gcc/arm-none-eabi/5.4.1/../../../../arm-none-eabi/lib/armv7-m\libg_nano.a(lib_a-nano-svfprintf.o)
                0x00003334                _svfiprintf_r
                0x00003334                _svfprintf_r
 .text._sbrk_r  0x0000351c       0x20 c:/program files (x86)/cypress/psoc creator/4.3/psoc creator/import/gnu/arm/5.4.1/bin/../lib/gcc/arm-none-eabi/5.4.1/../../../../arm-none-eabi/lib/armv7-m\libg_nano.a(lib_a-sbrkr.o)
                0x0000351c                _sbrk_r
 .text.memmove  0x0000353c       0x36 c:/program files (x86)/cypress/psoc creator/4.3/psoc creator/import/gnu/arm/5.4.1/bin/../lib/gcc/arm-none-eabi/5.4.1/../../../../arm-none-eabi/lib/armv7-m\libg_nano.a(lib_a-memmove.o)
                0x0000353c                memmove
 .text.__malloc_lock
                0x00003572        0x2 c:/program files (x86)/cypress/psoc creator/4.3/psoc creator/import/gnu/arm/5.4.1/bin/../lib/gcc/arm-none-eabi/5.4.1/../../../../arm-none-eabi/lib/armv7-m\libg_nano.a(lib_a-mlock.o)
                0x00003572                __malloc_lock
 .text.__malloc_unlock
                0x00003574        0x2 c:/program files (x86)/cypress/psoc creator/4.3/psoc creator/import/gnu/arm/5.4.1/bin/../lib/gcc/arm-none-eabi/5.4.1/../../../../arm-none-eabi/lib/armv7-m\libg_nano.a(lib_a-mlock.o)
                0x00003574                __malloc_unlock
 .text._realloc_r
                0x00003576       0x4c c:/program files (x86)/cypress/psoc creator/4.3/psoc creator/import/gnu/arm/5.4.1/bin/../lib/gcc/arm-none-eabi/5.4.1/../../../../arm-none-eabi/lib/armv7-m\libg_nano.a(lib_a-nano-reallocr.o)
                0x00003576                _realloc_r
 .text._malloc_usable_size_r
                0x000035c2       0x14 c:/program files (x86)/cypress/psoc creator/4.3/psoc creator/import/gnu/arm/5.4.1/bin/../lib/gcc/arm-none-eabi/5.4.1/../../../../arm-none-eabi/lib/armv7-m\libg_nano.a(lib_a-nano-msizer.o)
                0x000035c2                _malloc_usable_size_r
 *fill*         0x000035d6        0x2 
 .text          0x000035d8      0x110 c:/program files (x86)/cypress/psoc creator/4.3/psoc creator/import/gnu/arm/5.4.1/bin/../lib/gcc/arm-none-eabi/5.4.1/armv7-m\libgcc.a(_arm_cmpdf2.o)
                0x000035d8                __gtdf2
                0x000035d8                __gedf2
                0x000035e0                __ltdf2
                0x000035e0                __ledf2
                0x000035e8                __nedf2
                0x000035e8                __eqdf2
                0x000035e8                __cmpdf2
                0x00003664                __aeabi_cdrcmple
                0x00003674                __aeabi_cdcmpeq
                0x00003674                __aeabi_cdcmple
                0x00003684                __aeabi_dcmpeq
                0x00003698                __aeabi_dcmplt
                0x000036ac                __aeabi_dcmple
                0x000036c0                __aeabi_dcmpge
                0x000036d4                __aeabi_dcmpgt
 .text          0x000036e8       0x2c c:/program files (x86)/cypress/psoc creator/4.3/psoc creator/import/gnu/arm/5.4.1/bin/../lib/gcc/arm-none-eabi/5.4.1/armv7-m\libgcc.a(_arm_unorddf2.o)
                0x000036e8                __unorddf2
                0x000036e8                __aeabi_dcmpun
 .text          0x00003714       0x50 c:/program files (x86)/cypress/psoc creator/4.3/psoc creator/import/gnu/arm/5.4.1/bin/../lib/gcc/arm-none-eabi/5.4.1/armv7-m\libgcc.a(_arm_fixdfsi.o)
                0x00003714                __aeabi_d2iz
                0x00003714                __fixdfsi
 *(.plt)
 *(.gnu.warning)
 *(.glue_7t)
 .glue_7t       0x00003764        0x0 linker stubs
 *(.glue_7)
 .glue_7        0x00003764        0x0 linker stubs
 *(.vfp11_veneer)
 .vfp11_veneer  0x00003764        0x0 linker stubs
 *(.bootloader)
 *(.ARM.extab* .gnu.linkonce.armextab.*)
 *(.gcc_except_table)

.v4_bx          0x00003764        0x0
 .v4_bx         0x00003764        0x0 linker stubs

.iplt           0x00003764        0x0
 .iplt          0x00003764        0x0 c:/program files (x86)/cypress/psoc creator/4.3/psoc creator/import/gnu/arm/5.4.1/bin/../lib/gcc/arm-none-eabi/5.4.1/armv7-m/crtbegin.o

.eh_frame_hdr
 *(.eh_frame_hdr)

.eh_frame       0x00003764        0x4
 *(.eh_frame)
 .eh_frame      0x00003764        0x0 c:/program files (x86)/cypress/psoc creator/4.3/psoc creator/import/gnu/arm/5.4.1/bin/../lib/gcc/arm-none-eabi/5.4.1/armv7-m/crtbegin.o
 .eh_frame      0x00003764        0x4 c:/program files (x86)/cypress/psoc creator/4.3/psoc creator/import/gnu/arm/5.4.1/bin/../lib/gcc/arm-none-eabi/5.4.1/armv7-m/crtend.o
                [!provide]                PROVIDE (__exidx_start, .)

.ARM.exidx
 *(.ARM.exidx* .gnu.linkonce.armexidx.*)
                0x00003768                __exidx_end = .

.rodata         0x00003768      0x320
 *(.rodata .rodata.* .gnu.linkonce.r.*)
 .rodata.str1.4
                0x00003768      0x148 .\CortexM3\ARM_GCC_541\Debug\main.o
                                0x147 (size before relaxing)
 .rodata        0x000038b0       0x42 .\CortexM3\ARM_GCC_541\Debug\cyfitter_cfg.o
 .rodata.str1.1
                0x000038f2        0x2 c:/program files (x86)/cypress/psoc creator/4.3/psoc creator/import/gnu/arm/5.4.1/bin/../lib/gcc/arm-none-eabi/5.4.1/../../../../arm-none-eabi/lib/armv7-m\libg_nano.a(lib_a-impure.o)
 .rodata.str1.1
                0x000038f4       0x12 c:/program files (x86)/cypress/psoc creator/4.3/psoc creator/import/gnu/arm/5.4.1/bin/../lib/gcc/arm-none-eabi/5.4.1/../../../../arm-none-eabi/lib/armv7-m\libg_nano.a(lib_a-nano-vfprintf_float.o)
 .rodata.str1.1
                0x00003906       0x22 c:/program files (x86)/cypress/psoc creator/4.3/psoc creator/import/gnu/arm/5.4.1/bin/../lib/gcc/arm-none-eabi/5.4.1/../../../../arm-none-eabi/lib/armv7-m\libg_nano.a(lib_a-nano-vfprintf_i.o)
 .rodata.str1.1
                0x00003928        0xd c:/program files (x86)/cypress/psoc creator/4.3/psoc creator/import/gnu/arm/5.4.1/bin/../lib/gcc/arm-none-eabi/5.4.1/../../../../arm-none-eabi/lib/armv7-m\libg_nano.a(lib_a-dtoa.o)
                                  0xf (size before relaxing)
 .rodata.str1.1
                0x00003935        0x8 c:/program files (x86)/cypress/psoc creator/4.3/psoc creator/import/gnu/arm/5.4.1/bin/../lib/gcc/arm-none-eabi/5.4.1/../../../../arm-none-eabi/lib/armv7-m\libg_nano.a(lib_a-locale.o)
                                  0xb (size before relaxing)
 *fill*         0x0000393d        0x3 
 .rodata.__mprec_tens
                0x00003940       0xc8 c:/program files (x86)/cypress/psoc creator/4.3/psoc creator/import/gnu/arm/5.4.1/bin/../lib/gcc/arm-none-eabi/5.4.1/../../../../arm-none-eabi/lib/armv7-m\libg_nano.a(lib_a-mprec.o)
                0x00003940                __mprec_tens
 .rodata.p05.5408
                0x00003a08        0xc c:/program files (x86)/cypress/psoc creator/4.3/psoc creator/import/gnu/arm/5.4.1/bin/../lib/gcc/arm-none-eabi/5.4.1/../../../../arm-none-eabi/lib/armv7-m\libg_nano.a(lib_a-mprec.o)
 *fill*         0x00003a14        0x4 
 .rodata.__mprec_bigtens
                0x00003a18       0x28 c:/program files (x86)/cypress/psoc creator/4.3/psoc creator/import/gnu/arm/5.4.1/bin/../lib/gcc/arm-none-eabi/5.4.1/../../../../arm-none-eabi/lib/armv7-m\libg_nano.a(lib_a-mprec.o)
                0x00003a18                __mprec_bigtens
 .rodata.str1.1
                0x00003a40       0x11 c:/program files (x86)/cypress/psoc creator/4.3/psoc creator/import/gnu/arm/5.4.1/bin/../lib/gcc/arm-none-eabi/5.4.1/../../../../arm-none-eabi/lib/armv7-m\libg_nano.a(lib_a-nano-svfprintf.o)
                0x00003a54                . = ALIGN (0x4)
 *fill*         0x00003a51        0x3 
 *(.init)
 .init          0x00003a54        0x4 c:/program files (x86)/cypress/psoc creator/4.3/psoc creator/import/gnu/arm/5.4.1/bin/../lib/gcc/arm-none-eabi/5.4.1/armv7-m/crti.o
                0x00003a54                _init
 .init          0x00003a58        0x8 c:/program files (x86)/cypress/psoc creator/4.3/psoc creator/import/gnu/arm/5.4.1/bin/../lib/gcc/arm-none-eabi/5.4.1/armv7-m/crtn.o
                0x00003a60                . = ALIGN (0x4)
                0x00003a60                __preinit_array_start = .
 *(.preinit_array)
                0x00003a60                __preinit_array_end = .
                0x00003a60                . = ALIGN (0x4)
                0x00003a60                __init_array_start = .
 *(SORT(.init_array.*))
 *(.init_array)
 .init_array    0x00003a60        0x4 c:/program files (x86)/cypress/psoc creator/4.3/psoc creator/import/gnu/arm/5.4.1/bin/../lib/gcc/arm-none-eabi/5.4.1/armv7-m/crtbegin.o
 .init_array    0x00003a64        0x4 .\CortexM3\ARM_GCC_541\Debug\Cm3Start.o
                0x00003a68                __init_array_end = .
                0x00003a68                . = ALIGN (0x4)
 *(.fini)
 .fini          0x00003a68        0x4 c:/program files (x86)/cypress/psoc creator/4.3/psoc creator/import/gnu/arm/5.4.1/bin/../lib/gcc/arm-none-eabi/5.4.1/armv7-m/crti.o
                0x00003a68                _fini
 .fini          0x00003a6c        0x8 c:/program files (x86)/cypress/psoc creator/4.3/psoc creator/import/gnu/arm/5.4.1/bin/../lib/gcc/arm-none-eabi/5.4.1/armv7-m/crtn.o
                0x00003a74                . = ALIGN (0x4)
                0x00003a74                __fini_array_start = .
 *(.fini_array)
 .fini_array    0x00003a74        0x4 c:/program files (x86)/cypress/psoc creator/4.3/psoc creator/import/gnu/arm/5.4.1/bin/../lib/gcc/arm-none-eabi/5.4.1/armv7-m/crtbegin.o
 *(SORT(.fini_array.*))
                0x00003a78                __fini_array_end = .
                0x00003a78                . = ALIGN (0x4)
 *crtbegin.o(.ctors)
 *(EXCLUDE_FILE(*crtend.o) .ctors)
 *(SORT(.ctors.*))
 *crtend.o(.ctors)
                0x00003a78                . = ALIGN (0x4)
 *crtbegin.o(.dtors)
 *(EXCLUDE_FILE(*crtend.o) .dtors)
 *(SORT(.dtors.*))
 *crtend.o(.dtors)
                0x00003a78                . = ALIGN (0x4)
                0x00003a78                __cy_regions = .
                0x00003a78        0x4 LONG 0x3a88 __cy_region_init_ram
                0x00003a7c        0x4 LONG 0x1fff80c8 __cy_region_start_data
                0x00003a80        0x4 LONG 0xb8 __cy_region_init_size_ram
                0x00003a84        0x4 LONG 0x40 __cy_region_zero_size_ram
                0x00003a88                __cy_regions_end = .
                0x00003a88                . = ALIGN (0x8)
                0x00003a88                _etext = .

.cy_checksum_exclude
                0x00003a88        0x0
 *(.cy_checksum_exclude)

.ramvectors     0x1fff8000       0xc0
                0x1fff8000                __cy_region_start_ram = .
 *(.ramvectors)
 .ramvectors    0x1fff8000       0xc0 .\CortexM3\ARM_GCC_541\Debug\Cm3Start.o
                0x1fff8000                CyRamVectors

.noinit         0x1fff80c0        0x1
 *(.noinit)
 .noinit        0x1fff80c0        0x1 .\CortexM3\ARM_GCC_541\Debug\AY1920_II_HW_05_PROJ_3.a(CyLib.o)
                0x1fff80c0                CyResetStatus

.data           0x1fff80c8       0xb8 load address 0x00003a88
                0x1fff80c8                __cy_region_start_data = .
 *(.jcr)
 .jcr           0x1fff80c8        0x0 c:/program files (x86)/cypress/psoc creator/4.3/psoc creator/import/gnu/arm/5.4.1/bin/../lib/gcc/arm-none-eabi/5.4.1/armv7-m/crtbegin.o
 .jcr           0x1fff80c8        0x4 c:/program files (x86)/cypress/psoc creator/4.3/psoc creator/import/gnu/arm/5.4.1/bin/../lib/gcc/arm-none-eabi/5.4.1/armv7-m/crtend.o
 *(.got.plt)
 *(.got)
 *(.shdata)
 *(.data .data.* .gnu.linkonce.d.*)
 .data          0x1fff80cc        0x4 .\CortexM3\ARM_GCC_541\Debug\Cm3Start.o
 .data          0x1fff80d0       0x10 .\CortexM3\ARM_GCC_541\Debug\AY1920_II_HW_05_PROJ_3.a(CyLib.o)
                0x1fff80d0                cydelay_32k_ms
                0x1fff80d4                cydelay_freq_khz
                0x1fff80d8                cydelay_freq_mhz
                0x1fff80dc                cydelay_freq_hz
 .data.impure_data
                0x1fff80e0       0x60 c:/program files (x86)/cypress/psoc creator/4.3/psoc creator/import/gnu/arm/5.4.1/bin/../lib/gcc/arm-none-eabi/5.4.1/../../../../arm-none-eabi/lib/armv7-m\libg_nano.a(lib_a-impure.o)
 .data._impure_ptr
                0x1fff8140        0x4 c:/program files (x86)/cypress/psoc creator/4.3/psoc creator/import/gnu/arm/5.4.1/bin/../lib/gcc/arm-none-eabi/5.4.1/../../../../arm-none-eabi/lib/armv7-m\libg_nano.a(lib_a-impure.o)
                0x1fff8140                _impure_ptr
 .data.lconv    0x1fff8144       0x38 c:/program files (x86)/cypress/psoc creator/4.3/psoc creator/import/gnu/arm/5.4.1/bin/../lib/gcc/arm-none-eabi/5.4.1/../../../../arm-none-eabi/lib/armv7-m\libg_nano.a(lib_a-locale.o)
                0x1fff8180                . = ALIGN (0x8)
 *fill*         0x1fff817c        0x4 
 *(.ram)
                0x1fff8180                _edata = .

.igot.plt       0x1fff8180        0x0 load address 0x00003b40
 .igot.plt      0x1fff8180        0x0 c:/program files (x86)/cypress/psoc creator/4.3/psoc creator/import/gnu/arm/5.4.1/bin/../lib/gcc/arm-none-eabi/5.4.1/armv7-m/crtbegin.o

.bss            0x1fff8180       0x40 load address 0x00003b40
                0x1fff8180                PROVIDE (__bss_start__, .)
 *(.shbss)
 *(.bss .bss.* .gnu.linkonce.b.*)
 .bss           0x1fff8180       0x1c c:/program files (x86)/cypress/psoc creator/4.3/psoc creator/import/gnu/arm/5.4.1/bin/../lib/gcc/arm-none-eabi/5.4.1/armv7-m/crtbegin.o
 .bss           0x1fff819c        0x2 .\CortexM3\ARM_GCC_541\Debug\AY1920_II_HW_05_PROJ_3.a(UART_Debug.o)
                0x1fff819c                UART_Debug_initVar
 .bss           0x1fff819e        0x1 .\CortexM3\ARM_GCC_541\Debug\AY1920_II_HW_05_PROJ_3.a(I2C_Master.o)
                0x1fff819e                I2C_Master_initVar
 *fill*         0x1fff819f        0x1 
 .bss.__malloc_sbrk_start
                0x1fff81a0        0x4 c:/program files (x86)/cypress/psoc creator/4.3/psoc creator/import/gnu/arm/5.4.1/bin/../lib/gcc/arm-none-eabi/5.4.1/../../../../arm-none-eabi/lib/armv7-m\libg_nano.a(lib_a-nano-mallocr.o)
                0x1fff81a0                __malloc_sbrk_start
 .bss.__malloc_free_list
                0x1fff81a4        0x4 c:/program files (x86)/cypress/psoc creator/4.3/psoc creator/import/gnu/arm/5.4.1/bin/../lib/gcc/arm-none-eabi/5.4.1/../../../../arm-none-eabi/lib/armv7-m\libg_nano.a(lib_a-nano-mallocr.o)
                0x1fff81a4                __malloc_free_list
 *(COMMON)
 COMMON         0x1fff81a8        0x1 .\CortexM3\ARM_GCC_541\Debug\AY1920_II_HW_05_PROJ_3.a(I2C_Master.o)
                0x1fff81a8                I2C_Master_state
 *fill*         0x1fff81a9        0x3 
 COMMON         0x1fff81ac        0xf .\CortexM3\ARM_GCC_541\Debug\AY1920_II_HW_05_PROJ_3.a(I2C_Master_MASTER.o)
                0x1fff81ac                I2C_Master_mstrRdBufIndex
                0x1fff81ad                I2C_Master_mstrWrBufIndex
                0x1fff81ae                I2C_Master_mstrWrBufSize
                0x1fff81b0                I2C_Master_mstrWrBufPtr
                0x1fff81b4                I2C_Master_mstrRdBufPtr
                0x1fff81b8                I2C_Master_mstrControl
                0x1fff81b9                I2C_Master_mstrStatus
                0x1fff81ba                I2C_Master_mstrRdBufSize
 *fill*         0x1fff81bb        0x1 
 COMMON         0x1fff81bc        0x4 c:/program files (x86)/cypress/psoc creator/4.3/psoc creator/import/gnu/arm/5.4.1/bin/../lib/gcc/arm-none-eabi/5.4.1/../../../../arm-none-eabi/lib/armv7-m\libg_nano.a(lib_a-reent.o)
                0x1fff81bc                errno
                0x1fff81c0                . = ALIGN (0x8)
 *(.ram.b)
                0x1fff81c0                _end = .
                0x1fff81c0                __end = .
                0x1fff81c0                PROVIDE (end, .)
                0x1fff81c0                PROVIDE (__bss_end__, .)
                0x00003a88                __cy_region_init_ram = LOADADDR (.data)
                0x000000b8                __cy_region_init_size_ram = (_edata - ADDR (.data))
                0x00000040                __cy_region_zero_size_ram = (_end - _edata)

.heap           0x1fff81c0      0x200 load address 0x00003b40
                0x1fff81c0                . = _end
                0x1fff83c0                . = (. + 0x200)
 *fill*         0x1fff81c0      0x200 
                0x1fff83c0                __cy_heap_limit = .

.stack          0x20007800      0x800
                0x20007800                __cy_stack_limit = .
                0x20008000                . = (. + 0x800)
 *fill*         0x20007800      0x800 
                0x00000001                ASSERT ((__cy_stack_limit >= __cy_heap_limit), region RAM overflowed with stack)
                0x00000000                cy_checksum_exclude_size = (CY_APPL_LOADABLE == 0x1)?SIZEOF (.cy_checksum_exclude):0x0
                0x00000001                ASSERT ((cy_checksum_exclude_size <= CY_CHECKSUM_EXCLUDE_SIZE), CY_BOOT: Section .cy_checksum_exclude size exceedes specified limit.)

.cyloadermeta
 *(.cyloadermeta)

.cyloadablemeta
 *(.cyloadablemeta)

.cyconfigecc    0x80000000      0x410
 *(.cyconfigecc)
 .cyconfigecc   0x80000000      0x410 .\CortexM3\ARM_GCC_541\Debug\cymetadata.o
                0x80000000                cy_meta_configecc

.cycustnvl      0x90000000        0x4
 *(.cycustnvl)
 .cycustnvl     0x90000000        0x4 .\CortexM3\ARM_GCC_541\Debug\cymetadata.o
                0x90000000                cy_meta_custnvl

.cywolatch      0x90100000        0x4
 *(.cywolatch)
 .cywolatch     0x90100000        0x4 .\CortexM3\ARM_GCC_541\Debug\cymetadata.o
                0x90100000                cy_meta_wonvl

.cyeeprom       0x90200000        0x0
 *(.cyeeprom)
                0x00000001                ASSERT ((. <= ((0x90200000 + ee_offset) + ee_size)), .cyeeprom data will not fit in EEPROM)

.cyflashprotect
                0x90400000      0x100
 *(.cyflashprotect)
 .cyflashprotect
                0x90400000      0x100 .\CortexM3\ARM_GCC_541\Debug\cymetadata.o
                0x90400000                cy_meta_flashprotect

.cymeta         0x90500000        0xc
 *(.cymeta)
 .cymeta        0x90500000        0xc .\CortexM3\ARM_GCC_541\Debug\cymetadata.o
                0x90500000                cy_metadata

.rel.dyn        0x00003b40        0x0 load address 0x9050000c
 .rel.iplt      0x00003b40        0x0 c:/program files (x86)/cypress/psoc creator/4.3/psoc creator/import/gnu/arm/5.4.1/bin/../lib/gcc/arm-none-eabi/5.4.1/armv7-m/crtbegin.o

.stab
 *(.stab)

.stabstr
 *(.stabstr)

.debug
 *(.debug)

.line
 *(.line)

.debug_srcinfo
 *(.debug_srcinfo)

.debug_sfnames
 *(.debug_sfnames)

.debug_aranges  0x00000000      0x7f8
 *(.debug_aranges)
 .debug_aranges
                0x00000000       0x20 .\CortexM3\ARM_GCC_541\Debug\main.o
 .debug_aranges
                0x00000020       0x50 .\CortexM3\ARM_GCC_541\Debug\I2C_Interface.o
 .debug_aranges
                0x00000070       0x58 .\CortexM3\ARM_GCC_541\Debug\cyfitter_cfg.o
 .debug_aranges
                0x000000c8       0x18 .\CortexM3\ARM_GCC_541\Debug\cymetadata.o
 .debug_aranges
                0x000000e0       0x48 .\CortexM3\ARM_GCC_541\Debug\Cm3Start.o
 .debug_aranges
                0x00000128       0xf0 .\CortexM3\ARM_GCC_541\Debug\AY1920_II_HW_05_PROJ_3.a(UART_Debug.o)
 .debug_aranges
                0x00000218       0x38 .\CortexM3\ARM_GCC_541\Debug\AY1920_II_HW_05_PROJ_3.a(I2C_Master.o)
 .debug_aranges
                0x00000250       0x20 .\CortexM3\ARM_GCC_541\Debug\AY1920_II_HW_05_PROJ_3.a(I2C_Master_INT.o)
 .debug_aranges
                0x00000270       0x38 .\CortexM3\ARM_GCC_541\Debug\AY1920_II_HW_05_PROJ_3.a(I2C_Master_PM.o)
 .debug_aranges
                0x000002a8       0x80 .\CortexM3\ARM_GCC_541\Debug\AY1920_II_HW_05_PROJ_3.a(I2C_Master_MASTER.o)
 .debug_aranges
                0x00000328       0x70 .\CortexM3\ARM_GCC_541\Debug\AY1920_II_HW_05_PROJ_3.a(UART_Debug_IntClock.o)
 .debug_aranges
                0x00000398      0x2a0 .\CortexM3\ARM_GCC_541\Debug\AY1920_II_HW_05_PROJ_3.a(CyLib.o)
 .debug_aranges
                0x00000638       0x98 .\CortexM3\ARM_GCC_541\Debug\AY1920_II_HW_05_PROJ_3.a(cyPm.o)
 .debug_aranges
                0x000006d0       0x20 .\CortexM3\ARM_GCC_541\Debug\AY1920_II_HW_05_PROJ_3.a(CyBootAsmGnu.o)
 .debug_aranges
                0x000006f0       0x88 .\CortexM3\ARM_GCC_541\Debug\AY1920_II_HW_05_PROJ_3.a(CyFlash.o)
 .debug_aranges
                0x00000778       0x80 .\CortexM3\ARM_GCC_541\Debug\AY1920_II_HW_05_PROJ_3.a(CySpc.o)

.debug_pubnames
 *(.debug_pubnames)

.debug_info     0x00000000     0x4fb0
 *(.debug_info .gnu.linkonce.wi.*)
 .debug_info    0x00000000      0x3e6 .\CortexM3\ARM_GCC_541\Debug\main.o
 .debug_info    0x000003e6      0x4b3 .\CortexM3\ARM_GCC_541\Debug\I2C_Interface.o
 .debug_info    0x00000899      0x56f .\CortexM3\ARM_GCC_541\Debug\cyfitter_cfg.o
 .debug_info    0x00000e08      0x135 .\CortexM3\ARM_GCC_541\Debug\cymetadata.o
 .debug_info    0x00000f3d      0x3bb .\CortexM3\ARM_GCC_541\Debug\Cm3Start.o
 .debug_info    0x000012f8      0x60c .\CortexM3\ARM_GCC_541\Debug\AY1920_II_HW_05_PROJ_3.a(UART_Debug.o)
 .debug_info    0x00001904      0x2ad .\CortexM3\ARM_GCC_541\Debug\AY1920_II_HW_05_PROJ_3.a(I2C_Master.o)
 .debug_info    0x00001bb1      0x184 .\CortexM3\ARM_GCC_541\Debug\AY1920_II_HW_05_PROJ_3.a(I2C_Master_INT.o)
 .debug_info    0x00001d35      0x207 .\CortexM3\ARM_GCC_541\Debug\AY1920_II_HW_05_PROJ_3.a(I2C_Master_PM.o)
 .debug_info    0x00001f3c      0x407 .\CortexM3\ARM_GCC_541\Debug\AY1920_II_HW_05_PROJ_3.a(I2C_Master_MASTER.o)
 .debug_info    0x00002343      0x283 .\CortexM3\ARM_GCC_541\Debug\AY1920_II_HW_05_PROJ_3.a(UART_Debug_IntClock.o)
 .debug_info    0x000025c6     0x1374 .\CortexM3\ARM_GCC_541\Debug\AY1920_II_HW_05_PROJ_3.a(CyLib.o)
 .debug_info    0x0000393a      0xa2a .\CortexM3\ARM_GCC_541\Debug\AY1920_II_HW_05_PROJ_3.a(cyPm.o)
 .debug_info    0x00004364       0xaf .\CortexM3\ARM_GCC_541\Debug\AY1920_II_HW_05_PROJ_3.a(CyBootAsmGnu.o)
 .debug_info    0x00004413      0x64d .\CortexM3\ARM_GCC_541\Debug\AY1920_II_HW_05_PROJ_3.a(CyFlash.o)
 .debug_info    0x00004a60      0x550 .\CortexM3\ARM_GCC_541\Debug\AY1920_II_HW_05_PROJ_3.a(CySpc.o)

.debug_abbrev   0x00000000     0x1472
 *(.debug_abbrev)
 .debug_abbrev  0x00000000      0x137 .\CortexM3\ARM_GCC_541\Debug\main.o
 .debug_abbrev  0x00000137       0xea .\CortexM3\ARM_GCC_541\Debug\I2C_Interface.o
 .debug_abbrev  0x00000221      0x20d .\CortexM3\ARM_GCC_541\Debug\cyfitter_cfg.o
 .debug_abbrev  0x0000042e       0x66 .\CortexM3\ARM_GCC_541\Debug\cymetadata.o
 .debug_abbrev  0x00000494      0x1e8 .\CortexM3\ARM_GCC_541\Debug\Cm3Start.o
 .debug_abbrev  0x0000067c      0x175 .\CortexM3\ARM_GCC_541\Debug\AY1920_II_HW_05_PROJ_3.a(UART_Debug.o)
 .debug_abbrev  0x000007f1      0x10a .\CortexM3\ARM_GCC_541\Debug\AY1920_II_HW_05_PROJ_3.a(I2C_Master.o)
 .debug_abbrev  0x000008fb       0xb6 .\CortexM3\ARM_GCC_541\Debug\AY1920_II_HW_05_PROJ_3.a(I2C_Master_INT.o)
 .debug_abbrev  0x000009b1       0xfe .\CortexM3\ARM_GCC_541\Debug\AY1920_II_HW_05_PROJ_3.a(I2C_Master_PM.o)
 .debug_abbrev  0x00000aaf      0x13c .\CortexM3\ARM_GCC_541\Debug\AY1920_II_HW_05_PROJ_3.a(I2C_Master_MASTER.o)
 .debug_abbrev  0x00000beb      0x139 .\CortexM3\ARM_GCC_541\Debug\AY1920_II_HW_05_PROJ_3.a(UART_Debug_IntClock.o)
 .debug_abbrev  0x00000d24      0x254 .\CortexM3\ARM_GCC_541\Debug\AY1920_II_HW_05_PROJ_3.a(CyLib.o)
 .debug_abbrev  0x00000f78      0x1ab .\CortexM3\ARM_GCC_541\Debug\AY1920_II_HW_05_PROJ_3.a(cyPm.o)
 .debug_abbrev  0x00001123       0x14 .\CortexM3\ARM_GCC_541\Debug\AY1920_II_HW_05_PROJ_3.a(CyBootAsmGnu.o)
 .debug_abbrev  0x00001137      0x1a7 .\CortexM3\ARM_GCC_541\Debug\AY1920_II_HW_05_PROJ_3.a(CyFlash.o)
 .debug_abbrev  0x000012de      0x194 .\CortexM3\ARM_GCC_541\Debug\AY1920_II_HW_05_PROJ_3.a(CySpc.o)

.debug_line     0x00000000     0x2341
 *(.debug_line)
 .debug_line    0x00000000      0x23a .\CortexM3\ARM_GCC_541\Debug\main.o
 .debug_line    0x0000023a      0x215 .\CortexM3\ARM_GCC_541\Debug\I2C_Interface.o
 .debug_line    0x0000044f      0x1f2 .\CortexM3\ARM_GCC_541\Debug\cyfitter_cfg.o
 .debug_line    0x00000641      0x141 .\CortexM3\ARM_GCC_541\Debug\cymetadata.o
 .debug_line    0x00000782      0x234 .\CortexM3\ARM_GCC_541\Debug\Cm3Start.o
 .debug_line    0x000009b6      0x2c8 .\CortexM3\ARM_GCC_541\Debug\AY1920_II_HW_05_PROJ_3.a(UART_Debug.o)
 .debug_line    0x00000c7e       0xee .\CortexM3\ARM_GCC_541\Debug\AY1920_II_HW_05_PROJ_3.a(I2C_Master.o)
 .debug_line    0x00000d6c      0x122 .\CortexM3\ARM_GCC_541\Debug\AY1920_II_HW_05_PROJ_3.a(I2C_Master_INT.o)
 .debug_line    0x00000e8e       0xc9 .\CortexM3\ARM_GCC_541\Debug\AY1920_II_HW_05_PROJ_3.a(I2C_Master_PM.o)
 .debug_line    0x00000f57      0x20b .\CortexM3\ARM_GCC_541\Debug\AY1920_II_HW_05_PROJ_3.a(I2C_Master_MASTER.o)
 .debug_line    0x00001162      0x182 .\CortexM3\ARM_GCC_541\Debug\AY1920_II_HW_05_PROJ_3.a(UART_Debug_IntClock.o)
 .debug_line    0x000012e4      0x816 .\CortexM3\ARM_GCC_541\Debug\AY1920_II_HW_05_PROJ_3.a(CyLib.o)
 .debug_line    0x00001afa      0x367 .\CortexM3\ARM_GCC_541\Debug\AY1920_II_HW_05_PROJ_3.a(cyPm.o)
 .debug_line    0x00001e61       0x66 .\CortexM3\ARM_GCC_541\Debug\AY1920_II_HW_05_PROJ_3.a(CyBootAsmGnu.o)
 .debug_line    0x00001ec7      0x21a .\CortexM3\ARM_GCC_541\Debug\AY1920_II_HW_05_PROJ_3.a(CyFlash.o)
 .debug_line    0x000020e1      0x260 .\CortexM3\ARM_GCC_541\Debug\AY1920_II_HW_05_PROJ_3.a(CySpc.o)

.debug_frame    0x00000000     0x1cd8
 *(.debug_frame)
 .debug_frame   0x00000000       0x38 .\CortexM3\ARM_GCC_541\Debug\main.o
 .debug_frame   0x00000038       0xfc .\CortexM3\ARM_GCC_541\Debug\I2C_Interface.o
 .debug_frame   0x00000134       0xe4 .\CortexM3\ARM_GCC_541\Debug\cyfitter_cfg.o
 .debug_frame   0x00000218       0xb8 .\CortexM3\ARM_GCC_541\Debug\Cm3Start.o
 .debug_frame   0x000002d0      0x250 .\CortexM3\ARM_GCC_541\Debug\AY1920_II_HW_05_PROJ_3.a(UART_Debug.o)
 .debug_frame   0x00000520       0x94 .\CortexM3\ARM_GCC_541\Debug\AY1920_II_HW_05_PROJ_3.a(I2C_Master.o)
 .debug_frame   0x000005b4       0x30 .\CortexM3\ARM_GCC_541\Debug\AY1920_II_HW_05_PROJ_3.a(I2C_Master_INT.o)
 .debug_frame   0x000005e4       0x74 .\CortexM3\ARM_GCC_541\Debug\AY1920_II_HW_05_PROJ_3.a(I2C_Master_PM.o)
 .debug_frame   0x00000658      0x138 .\CortexM3\ARM_GCC_541\Debug\AY1920_II_HW_05_PROJ_3.a(I2C_Master_MASTER.o)
 .debug_frame   0x00000790       0xe0 .\CortexM3\ARM_GCC_541\Debug\AY1920_II_HW_05_PROJ_3.a(UART_Debug_IntClock.o)
 .debug_frame   0x00000870      0x738 .\CortexM3\ARM_GCC_541\Debug\AY1920_II_HW_05_PROJ_3.a(CyLib.o)
 .debug_frame   0x00000fa8      0x1f8 .\CortexM3\ARM_GCC_541\Debug\AY1920_II_HW_05_PROJ_3.a(cyPm.o)
 .debug_frame   0x000011a0      0x194 .\CortexM3\ARM_GCC_541\Debug\AY1920_II_HW_05_PROJ_3.a(CyFlash.o)
 .debug_frame   0x00001334      0x180 .\CortexM3\ARM_GCC_541\Debug\AY1920_II_HW_05_PROJ_3.a(CySpc.o)
 .debug_frame   0x000014b4       0x20 c:/program files (x86)/cypress/psoc creator/4.3/psoc creator/import/gnu/arm/5.4.1/bin/../lib/gcc/arm-none-eabi/5.4.1/../../../../arm-none-eabi/lib/armv7-m\libg_nano.a(lib_a-errno.o)
 .debug_frame   0x000014d4       0x28 c:/program files (x86)/cypress/psoc creator/4.3/psoc creator/import/gnu/arm/5.4.1/bin/../lib/gcc/arm-none-eabi/5.4.1/../../../../arm-none-eabi/lib/armv7-m\libg_nano.a(lib_a-exit.o)
 .debug_frame   0x000014fc       0x2c c:/program files (x86)/cypress/psoc creator/4.3/psoc creator/import/gnu/arm/5.4.1/bin/../lib/gcc/arm-none-eabi/5.4.1/../../../../arm-none-eabi/lib/armv7-m\libg_nano.a(lib_a-init.o)
 .debug_frame   0x00001528       0x28 c:/program files (x86)/cypress/psoc creator/4.3/psoc creator/import/gnu/arm/5.4.1/bin/../lib/gcc/arm-none-eabi/5.4.1/../../../../arm-none-eabi/lib/armv7-m\libg_nano.a(lib_a-memcpy-stub.o)
 .debug_frame   0x00001550       0x20 c:/program files (x86)/cypress/psoc creator/4.3/psoc creator/import/gnu/arm/5.4.1/bin/../lib/gcc/arm-none-eabi/5.4.1/../../../../arm-none-eabi/lib/armv7-m\libg_nano.a(lib_a-memset.o)
 .debug_frame   0x00001570       0x8c c:/program files (x86)/cypress/psoc creator/4.3/psoc creator/import/gnu/arm/5.4.1/bin/../lib/gcc/arm-none-eabi/5.4.1/../../../../arm-none-eabi/lib/armv7-m\libg_nano.a(lib_a-nano-vfprintf_float.o)
 .debug_frame   0x000015fc       0x60 c:/program files (x86)/cypress/psoc creator/4.3/psoc creator/import/gnu/arm/5.4.1/bin/../lib/gcc/arm-none-eabi/5.4.1/../../../../arm-none-eabi/lib/armv7-m\libg_nano.a(lib_a-nano-vfprintf_i.o)
 .debug_frame   0x0000165c       0x70 c:/program files (x86)/cypress/psoc creator/4.3/psoc creator/import/gnu/arm/5.4.1/bin/../lib/gcc/arm-none-eabi/5.4.1/../../../../arm-none-eabi/lib/armv7-m\libg_nano.a(lib_a-sprintf.o)
 .debug_frame   0x000016cc       0x6c c:/program files (x86)/cypress/psoc creator/4.3/psoc creator/import/gnu/arm/5.4.1/bin/../lib/gcc/arm-none-eabi/5.4.1/../../../../arm-none-eabi/lib/armv7-m\libg_nano.a(lib_a-dtoa.o)
 .debug_frame   0x00001738       0x98 c:/program files (x86)/cypress/psoc creator/4.3/psoc creator/import/gnu/arm/5.4.1/bin/../lib/gcc/arm-none-eabi/5.4.1/../../../../arm-none-eabi/lib/armv7-m\libg_nano.a(lib_a-locale.o)
 .debug_frame   0x000017d0       0x30 c:/program files (x86)/cypress/psoc creator/4.3/psoc creator/import/gnu/arm/5.4.1/bin/../lib/gcc/arm-none-eabi/5.4.1/../../../../arm-none-eabi/lib/armv7-m\libg_nano.a(lib_a-malloc.o)
 .debug_frame   0x00001800       0x28 c:/program files (x86)/cypress/psoc creator/4.3/psoc creator/import/gnu/arm/5.4.1/bin/../lib/gcc/arm-none-eabi/5.4.1/../../../../arm-none-eabi/lib/armv7-m\libg_nano.a(lib_a-memchr-stub.o)
 .debug_frame   0x00001828      0x234 c:/program files (x86)/cypress/psoc creator/4.3/psoc creator/import/gnu/arm/5.4.1/bin/../lib/gcc/arm-none-eabi/5.4.1/../../../../arm-none-eabi/lib/armv7-m\libg_nano.a(lib_a-mprec.o)
 .debug_frame   0x00001a5c       0x2c c:/program files (x86)/cypress/psoc creator/4.3/psoc creator/import/gnu/arm/5.4.1/bin/../lib/gcc/arm-none-eabi/5.4.1/../../../../arm-none-eabi/lib/armv7-m\libg_nano.a(lib_a-nano-callocr.o)
 .debug_frame   0x00001a88       0x38 c:/program files (x86)/cypress/psoc creator/4.3/psoc creator/import/gnu/arm/5.4.1/bin/../lib/gcc/arm-none-eabi/5.4.1/../../../../arm-none-eabi/lib/armv7-m\libg_nano.a(lib_a-nano-freer.o)
 .debug_frame   0x00001ac0       0x2c c:/program files (x86)/cypress/psoc creator/4.3/psoc creator/import/gnu/arm/5.4.1/bin/../lib/gcc/arm-none-eabi/5.4.1/../../../../arm-none-eabi/lib/armv7-m\libg_nano.a(lib_a-nano-mallocr.o)
 .debug_frame   0x00001aec       0x90 c:/program files (x86)/cypress/psoc creator/4.3/psoc creator/import/gnu/arm/5.4.1/bin/../lib/gcc/arm-none-eabi/5.4.1/../../../../arm-none-eabi/lib/armv7-m\libg_nano.a(lib_a-nano-svfprintf.o)
 .debug_frame   0x00001b7c       0x2c c:/program files (x86)/cypress/psoc creator/4.3/psoc creator/import/gnu/arm/5.4.1/bin/../lib/gcc/arm-none-eabi/5.4.1/../../../../arm-none-eabi/lib/armv7-m\libg_nano.a(lib_a-sbrkr.o)
 .debug_frame   0x00001ba8       0x20 c:/program files (x86)/cypress/psoc creator/4.3/psoc creator/import/gnu/arm/5.4.1/bin/../lib/gcc/arm-none-eabi/5.4.1/../../../../arm-none-eabi/lib/armv7-m\libg_nano.a(lib_a-strcmp.o)
 .debug_frame   0x00001bc8       0x28 c:/program files (x86)/cypress/psoc creator/4.3/psoc creator/import/gnu/arm/5.4.1/bin/../lib/gcc/arm-none-eabi/5.4.1/../../../../arm-none-eabi/lib/armv7-m\libg_nano.a(lib_a-memmove.o)
 .debug_frame   0x00001bf0       0x30 c:/program files (x86)/cypress/psoc creator/4.3/psoc creator/import/gnu/arm/5.4.1/bin/../lib/gcc/arm-none-eabi/5.4.1/../../../../arm-none-eabi/lib/armv7-m\libg_nano.a(lib_a-mlock.o)
 .debug_frame   0x00001c20       0x3c c:/program files (x86)/cypress/psoc creator/4.3/psoc creator/import/gnu/arm/5.4.1/bin/../lib/gcc/arm-none-eabi/5.4.1/../../../../arm-none-eabi/lib/armv7-m\libg_nano.a(lib_a-nano-reallocr.o)
 .debug_frame   0x00001c5c       0x5c c:/program files (x86)/cypress/psoc creator/4.3/psoc creator/import/gnu/arm/5.4.1/bin/../lib/gcc/arm-none-eabi/5.4.1/../../../../arm-none-eabi/lib/armv7-m\libg_nano.a(lib_a-reent.o)
 .debug_frame   0x00001cb8       0x20 c:/program files (x86)/cypress/psoc creator/4.3/psoc creator/import/gnu/arm/5.4.1/bin/../lib/gcc/arm-none-eabi/5.4.1/../../../../arm-none-eabi/lib/armv7-m\libg_nano.a(lib_a-nano-msizer.o)

.debug_str      0x00000000     0x1dd7
 *(.debug_str)
 .debug_str     0x00000000      0x29b .\CortexM3\ARM_GCC_541\Debug\main.o
                                0x2ff (size before relaxing)
 .debug_str     0x0000029b      0x130 .\CortexM3\ARM_GCC_541\Debug\I2C_Interface.o
                                0x386 (size before relaxing)
 .debug_str     0x000003cb      0x1b6 .\CortexM3\ARM_GCC_541\Debug\cyfitter_cfg.o
                                0x363 (size before relaxing)
 .debug_str     0x00000581       0x75 .\CortexM3\ARM_GCC_541\Debug\cymetadata.o
                                0x203 (size before relaxing)
 .debug_str     0x000005f6      0x144 .\CortexM3\ARM_GCC_541\Debug\Cm3Start.o
                                0x329 (size before relaxing)
 .debug_str     0x0000073a      0x368 .\CortexM3\ARM_GCC_541\Debug\AY1920_II_HW_05_PROJ_3.a(UART_Debug.o)
                                0x54e (size before relaxing)
 .debug_str     0x00000aa2      0x13f .\CortexM3\ARM_GCC_541\Debug\AY1920_II_HW_05_PROJ_3.a(I2C_Master.o)
                                0x354 (size before relaxing)
 .debug_str     0x00000be1       0xb7 .\CortexM3\ARM_GCC_541\Debug\AY1920_II_HW_05_PROJ_3.a(I2C_Master_INT.o)
                                0x2cb (size before relaxing)
 .debug_str     0x00000c98       0x79 .\CortexM3\ARM_GCC_541\Debug\AY1920_II_HW_05_PROJ_3.a(I2C_Master_PM.o)
                                0x2db (size before relaxing)
 .debug_str     0x00000d11      0x150 .\CortexM3\ARM_GCC_541\Debug\AY1920_II_HW_05_PROJ_3.a(I2C_Master_MASTER.o)
                                0x464 (size before relaxing)
 .debug_str     0x00000e61      0x1bf .\CortexM3\ARM_GCC_541\Debug\AY1920_II_HW_05_PROJ_3.a(UART_Debug_IntClock.o)
                                0x39d (size before relaxing)
 .debug_str     0x00001020      0x7eb .\CortexM3\ARM_GCC_541\Debug\AY1920_II_HW_05_PROJ_3.a(CyLib.o)
                                0xa66 (size before relaxing)
 .debug_str     0x0000180b      0x365 .\CortexM3\ARM_GCC_541\Debug\AY1920_II_HW_05_PROJ_3.a(cyPm.o)
                                0x752 (size before relaxing)
 .debug_str     0x00001b70      0x1bb .\CortexM3\ARM_GCC_541\Debug\AY1920_II_HW_05_PROJ_3.a(CyFlash.o)
                                0x3df (size before relaxing)
 .debug_str     0x00001d2b       0xac .\CortexM3\ARM_GCC_541\Debug\AY1920_II_HW_05_PROJ_3.a(CySpc.o)
                                0x357 (size before relaxing)

.debug_loc      0x00000000     0x26ed
 *(.debug_loc)
 .debug_loc     0x00000000       0x69 .\CortexM3\ARM_GCC_541\Debug\main.o
 .debug_loc     0x00000069      0x313 .\CortexM3\ARM_GCC_541\Debug\I2C_Interface.o
 .debug_loc     0x0000037c      0x259 .\CortexM3\ARM_GCC_541\Debug\cyfitter_cfg.o
 .debug_loc     0x000005d5      0x144 .\CortexM3\ARM_GCC_541\Debug\Cm3Start.o
 .debug_loc     0x00000719      0x258 .\CortexM3\ARM_GCC_541\Debug\AY1920_II_HW_05_PROJ_3.a(UART_Debug.o)
 .debug_loc     0x00000971       0x39 .\CortexM3\ARM_GCC_541\Debug\AY1920_II_HW_05_PROJ_3.a(I2C_Master.o)
 .debug_loc     0x000009aa       0x29 .\CortexM3\ARM_GCC_541\Debug\AY1920_II_HW_05_PROJ_3.a(I2C_Master_INT.o)
 .debug_loc     0x000009d3       0x13 .\CortexM3\ARM_GCC_541\Debug\AY1920_II_HW_05_PROJ_3.a(I2C_Master_PM.o)
 .debug_loc     0x000009e6      0x52f .\CortexM3\ARM_GCC_541\Debug\AY1920_II_HW_05_PROJ_3.a(I2C_Master_MASTER.o)
 .debug_loc     0x00000f15      0x12c .\CortexM3\ARM_GCC_541\Debug\AY1920_II_HW_05_PROJ_3.a(UART_Debug_IntClock.o)
 .debug_loc     0x00001041      0xa11 .\CortexM3\ARM_GCC_541\Debug\AY1920_II_HW_05_PROJ_3.a(CyLib.o)
 .debug_loc     0x00001a52      0x1e4 .\CortexM3\ARM_GCC_541\Debug\AY1920_II_HW_05_PROJ_3.a(cyPm.o)
 .debug_loc     0x00001c36      0x3b2 .\CortexM3\ARM_GCC_541\Debug\AY1920_II_HW_05_PROJ_3.a(CyFlash.o)
 .debug_loc     0x00001fe8      0x705 .\CortexM3\ARM_GCC_541\Debug\AY1920_II_HW_05_PROJ_3.a(CySpc.o)

.debug_macinfo
 *(.debug_macinfo)

.debug_ranges   0x00000000      0x710
 *(.debug_ranges)
 .debug_ranges  0x00000000       0x10 .\CortexM3\ARM_GCC_541\Debug\main.o
 .debug_ranges  0x00000010       0x70 .\CortexM3\ARM_GCC_541\Debug\I2C_Interface.o
 .debug_ranges  0x00000080       0x48 .\CortexM3\ARM_GCC_541\Debug\cyfitter_cfg.o
 .debug_ranges  0x000000c8       0x38 .\CortexM3\ARM_GCC_541\Debug\Cm3Start.o
 .debug_ranges  0x00000100       0xe0 .\CortexM3\ARM_GCC_541\Debug\AY1920_II_HW_05_PROJ_3.a(UART_Debug.o)
 .debug_ranges  0x000001e0       0x28 .\CortexM3\ARM_GCC_541\Debug\AY1920_II_HW_05_PROJ_3.a(I2C_Master.o)
 .debug_ranges  0x00000208       0x10 .\CortexM3\ARM_GCC_541\Debug\AY1920_II_HW_05_PROJ_3.a(I2C_Master_INT.o)
 .debug_ranges  0x00000218       0x28 .\CortexM3\ARM_GCC_541\Debug\AY1920_II_HW_05_PROJ_3.a(I2C_Master_PM.o)
 .debug_ranges  0x00000240       0x70 .\CortexM3\ARM_GCC_541\Debug\AY1920_II_HW_05_PROJ_3.a(I2C_Master_MASTER.o)
 .debug_ranges  0x000002b0       0x60 .\CortexM3\ARM_GCC_541\Debug\AY1920_II_HW_05_PROJ_3.a(UART_Debug_IntClock.o)
 .debug_ranges  0x00000310      0x290 .\CortexM3\ARM_GCC_541\Debug\AY1920_II_HW_05_PROJ_3.a(CyLib.o)
 .debug_ranges  0x000005a0       0x88 .\CortexM3\ARM_GCC_541\Debug\AY1920_II_HW_05_PROJ_3.a(cyPm.o)
 .debug_ranges  0x00000628       0x78 .\CortexM3\ARM_GCC_541\Debug\AY1920_II_HW_05_PROJ_3.a(CyFlash.o)
 .debug_ranges  0x000006a0       0x70 .\CortexM3\ARM_GCC_541\Debug\AY1920_II_HW_05_PROJ_3.a(CySpc.o)

.comment        0x00000000       0x6e
 .comment       0x00000000       0x6e .\CortexM3\ARM_GCC_541\Debug\main.o
                                 0x6f (size before relaxing)
 .comment       0x0000006e       0x6f .\CortexM3\ARM_GCC_541\Debug\I2C_Interface.o
 .comment       0x0000006e       0x6f .\CortexM3\ARM_GCC_541\Debug\cyfitter_cfg.o
 .comment       0x0000006e       0x6f .\CortexM3\ARM_GCC_541\Debug\cymetadata.o
 .comment       0x0000006e       0x6f .\CortexM3\ARM_GCC_541\Debug\Cm3Start.o
 .comment       0x0000006e       0x6f .\CortexM3\ARM_GCC_541\Debug\AY1920_II_HW_05_PROJ_3.a(UART_Debug.o)
 .comment       0x0000006e       0x6f .\CortexM3\ARM_GCC_541\Debug\AY1920_II_HW_05_PROJ_3.a(I2C_Master.o)
 .comment       0x0000006e       0x6f .\CortexM3\ARM_GCC_541\Debug\AY1920_II_HW_05_PROJ_3.a(I2C_Master_INT.o)
 .comment       0x0000006e       0x6f .\CortexM3\ARM_GCC_541\Debug\AY1920_II_HW_05_PROJ_3.a(I2C_Master_PM.o)
 .comment       0x0000006e       0x6f .\CortexM3\ARM_GCC_541\Debug\AY1920_II_HW_05_PROJ_3.a(I2C_Master_MASTER.o)
 .comment       0x0000006e       0x6f .\CortexM3\ARM_GCC_541\Debug\AY1920_II_HW_05_PROJ_3.a(UART_Debug_IntClock.o)
 .comment       0x0000006e       0x6f .\CortexM3\ARM_GCC_541\Debug\AY1920_II_HW_05_PROJ_3.a(CyLib.o)
 .comment       0x0000006e       0x6f .\CortexM3\ARM_GCC_541\Debug\AY1920_II_HW_05_PROJ_3.a(cyPm.o)
 .comment       0x0000006e       0x6f .\CortexM3\ARM_GCC_541\Debug\AY1920_II_HW_05_PROJ_3.a(CyFlash.o)
 .comment       0x0000006e       0x6f .\CortexM3\ARM_GCC_541\Debug\AY1920_II_HW_05_PROJ_3.a(CySpc.o)

.debug_weaknames
 *(.debug_weaknames)

.debug_funcnames
 *(.debug_funcnames)

.debug_typenames
 *(.debug_typenames)

.debug_varnames
 *(.debug_varnames)

.note.gnu.arm.ident
 *(.note.gnu.arm.ident)

.ARM.attributes
                0x00000000       0x29
 *(.ARM.attributes)
 .ARM.attributes
                0x00000000       0x1d c:/program files (x86)/cypress/psoc creator/4.3/psoc creator/import/gnu/arm/5.4.1/bin/../lib/gcc/arm-none-eabi/5.4.1/armv7-m/crti.o
 .ARM.attributes
                0x0000001d       0x2d c:/program files (x86)/cypress/psoc creator/4.3/psoc creator/import/gnu/arm/5.4.1/bin/../lib/gcc/arm-none-eabi/5.4.1/armv7-m/crtbegin.o
 .ARM.attributes
                0x0000004a       0x1b c:/program files (x86)/cypress/psoc creator/4.3/psoc creator/import/gnu/arm/5.4.1/bin/../lib/gcc/arm-none-eabi/5.4.1/../../../../arm-none-eabi/lib/armv7-m/crt0.o
 .ARM.attributes
                0x00000065       0x33 .\CortexM3\ARM_GCC_541\Debug\main.o
 .ARM.attributes
                0x00000098       0x33 .\CortexM3\ARM_GCC_541\Debug\I2C_Interface.o
 .ARM.attributes
                0x000000cb       0x33 .\CortexM3\ARM_GCC_541\Debug\cyfitter_cfg.o
 .ARM.attributes
                0x000000fe       0x33 .\CortexM3\ARM_GCC_541\Debug\cymetadata.o
 .ARM.attributes
                0x00000131       0x33 .\CortexM3\ARM_GCC_541\Debug\Cm3Start.o
 .ARM.attributes
                0x00000164       0x33 .\CortexM3\ARM_GCC_541\Debug\AY1920_II_HW_05_PROJ_3.a(UART_Debug.o)
 .ARM.attributes
                0x00000197       0x33 .\CortexM3\ARM_GCC_541\Debug\AY1920_II_HW_05_PROJ_3.a(I2C_Master.o)
 .ARM.attributes
                0x000001ca       0x33 .\CortexM3\ARM_GCC_541\Debug\AY1920_II_HW_05_PROJ_3.a(I2C_Master_INT.o)
 .ARM.attributes
                0x000001fd       0x33 .\CortexM3\ARM_GCC_541\Debug\AY1920_II_HW_05_PROJ_3.a(I2C_Master_PM.o)
 .ARM.attributes
                0x00000230       0x33 .\CortexM3\ARM_GCC_541\Debug\AY1920_II_HW_05_PROJ_3.a(I2C_Master_MASTER.o)
 .ARM.attributes
                0x00000263       0x33 .\CortexM3\ARM_GCC_541\Debug\AY1920_II_HW_05_PROJ_3.a(UART_Debug_IntClock.o)
 .ARM.attributes
                0x00000296       0x33 .\CortexM3\ARM_GCC_541\Debug\AY1920_II_HW_05_PROJ_3.a(CyLib.o)
 .ARM.attributes
                0x000002c9       0x33 .\CortexM3\ARM_GCC_541\Debug\AY1920_II_HW_05_PROJ_3.a(cyPm.o)
 .ARM.attributes
                0x000002fc       0x21 .\CortexM3\ARM_GCC_541\Debug\AY1920_II_HW_05_PROJ_3.a(CyBootAsmGnu.o)
 .ARM.attributes
                0x0000031d       0x33 .\CortexM3\ARM_GCC_541\Debug\AY1920_II_HW_05_PROJ_3.a(CyFlash.o)
 .ARM.attributes
                0x00000350       0x33 .\CortexM3\ARM_GCC_541\Debug\AY1920_II_HW_05_PROJ_3.a(CySpc.o)
 .ARM.attributes
                0x00000383       0x1d c:/program files (x86)/cypress/psoc creator/4.3/psoc creator/import/gnu/arm/5.4.1/bin/../lib/gcc/arm-none-eabi/5.4.1/armv7-m\libgcc.a(_arm_addsubdf3.o)
 .ARM.attributes
                0x000003a0       0x1d c:/program files (x86)/cypress/psoc creator/4.3/psoc creator/import/gnu/arm/5.4.1/bin/../lib/gcc/arm-none-eabi/5.4.1/armv7-m\libgcc.a(_arm_muldivdf3.o)
 .ARM.attributes
                0x000003bd       0x1d c:/program files (x86)/cypress/psoc creator/4.3/psoc creator/import/gnu/arm/5.4.1/bin/../lib/gcc/arm-none-eabi/5.4.1/armv7-m\libgcc.a(_arm_truncdfsf2.o)
 .ARM.attributes
                0x000003da       0x2d c:/program files (x86)/cypress/psoc creator/4.3/psoc creator/import/gnu/arm/5.4.1/bin/../lib/gcc/arm-none-eabi/5.4.1/../../../../arm-none-eabi/lib/armv7-m\libg_nano.a(lib_a-errno.o)
 .ARM.attributes
                0x00000407       0x2d c:/program files (x86)/cypress/psoc creator/4.3/psoc creator/import/gnu/arm/5.4.1/bin/../lib/gcc/arm-none-eabi/5.4.1/../../../../arm-none-eabi/lib/armv7-m\libg_nano.a(lib_a-exit.o)
 .ARM.attributes
                0x00000434       0x2d c:/program files (x86)/cypress/psoc creator/4.3/psoc creator/import/gnu/arm/5.4.1/bin/../lib/gcc/arm-none-eabi/5.4.1/../../../../arm-none-eabi/lib/armv7-m\libg_nano.a(lib_a-impure.o)
 .ARM.attributes
                0x00000461       0x2d c:/program files (x86)/cypress/psoc creator/4.3/psoc creator/import/gnu/arm/5.4.1/bin/../lib/gcc/arm-none-eabi/5.4.1/../../../../arm-none-eabi/lib/armv7-m\libg_nano.a(lib_a-init.o)
 .ARM.attributes
                0x0000048e       0x2d c:/program files (x86)/cypress/psoc creator/4.3/psoc creator/import/gnu/arm/5.4.1/bin/../lib/gcc/arm-none-eabi/5.4.1/../../../../arm-none-eabi/lib/armv7-m\libg_nano.a(lib_a-memcpy-stub.o)
 .ARM.attributes
                0x000004bb       0x2d c:/program files (x86)/cypress/psoc creator/4.3/psoc creator/import/gnu/arm/5.4.1/bin/../lib/gcc/arm-none-eabi/5.4.1/../../../../arm-none-eabi/lib/armv7-m\libg_nano.a(lib_a-memset.o)
 .ARM.attributes
                0x000004e8       0x2d c:/program files (x86)/cypress/psoc creator/4.3/psoc creator/import/gnu/arm/5.4.1/bin/../lib/gcc/arm-none-eabi/5.4.1/../../../../arm-none-eabi/lib/armv7-m\libg_nano.a(lib_a-nano-vfprintf_float.o)
 .ARM.attributes
                0x00000515       0x2d c:/program files (x86)/cypress/psoc creator/4.3/psoc creator/import/gnu/arm/5.4.1/bin/../lib/gcc/arm-none-eabi/5.4.1/../../../../arm-none-eabi/lib/armv7-m\libg_nano.a(lib_a-nano-vfprintf_i.o)
 .ARM.attributes
                0x00000542       0x2d c:/program files (x86)/cypress/psoc creator/4.3/psoc creator/import/gnu/arm/5.4.1/bin/../lib/gcc/arm-none-eabi/5.4.1/../../../../arm-none-eabi/lib/armv7-m\libg_nano.a(lib_a-sprintf.o)
 .ARM.attributes
                0x0000056f       0x17 c:/program files (x86)/cypress/psoc creator/4.3/psoc creator/import/gnu/arm/5.4.1/bin/../lib/gcc/arm-none-eabi/5.4.1/../../../../arm-none-eabi/lib/armv7-m\libg_nano.a(lib_a-strlen.o)
 .ARM.attributes
                0x00000586       0x2d c:/program files (x86)/cypress/psoc creator/4.3/psoc creator/import/gnu/arm/5.4.1/bin/../lib/gcc/arm-none-eabi/5.4.1/../../../../arm-none-eabi/lib/armv7-m\libg_nano.a(lib_a-dtoa.o)
 .ARM.attributes
                0x000005b3       0x2d c:/program files (x86)/cypress/psoc creator/4.3/psoc creator/import/gnu/arm/5.4.1/bin/../lib/gcc/arm-none-eabi/5.4.1/../../../../arm-none-eabi/lib/armv7-m\libg_nano.a(lib_a-locale.o)
 .ARM.attributes
                0x000005e0       0x2d c:/program files (x86)/cypress/psoc creator/4.3/psoc creator/import/gnu/arm/5.4.1/bin/../lib/gcc/arm-none-eabi/5.4.1/../../../../arm-none-eabi/lib/armv7-m\libg_nano.a(lib_a-malloc.o)
 .ARM.attributes
                0x0000060d       0x2d c:/program files (x86)/cypress/psoc creator/4.3/psoc creator/import/gnu/arm/5.4.1/bin/../lib/gcc/arm-none-eabi/5.4.1/../../../../arm-none-eabi/lib/armv7-m\libg_nano.a(lib_a-memchr-stub.o)
 .ARM.attributes
                0x0000063a       0x2d c:/program files (x86)/cypress/psoc creator/4.3/psoc creator/import/gnu/arm/5.4.1/bin/../lib/gcc/arm-none-eabi/5.4.1/../../../../arm-none-eabi/lib/armv7-m\libg_nano.a(lib_a-mprec.o)
 .ARM.attributes
                0x00000667       0x2d c:/program files (x86)/cypress/psoc creator/4.3/psoc creator/import/gnu/arm/5.4.1/bin/../lib/gcc/arm-none-eabi/5.4.1/../../../../arm-none-eabi/lib/armv7-m\libg_nano.a(lib_a-nano-callocr.o)
 .ARM.attributes
                0x00000694       0x2d c:/program files (x86)/cypress/psoc creator/4.3/psoc creator/import/gnu/arm/5.4.1/bin/../lib/gcc/arm-none-eabi/5.4.1/../../../../arm-none-eabi/lib/armv7-m\libg_nano.a(lib_a-nano-freer.o)
 .ARM.attributes
                0x000006c1       0x2d c:/program files (x86)/cypress/psoc creator/4.3/psoc creator/import/gnu/arm/5.4.1/bin/../lib/gcc/arm-none-eabi/5.4.1/../../../../arm-none-eabi/lib/armv7-m\libg_nano.a(lib_a-nano-mallocr.o)
 .ARM.attributes
                0x000006ee       0x2d c:/program files (x86)/cypress/psoc creator/4.3/psoc creator/import/gnu/arm/5.4.1/bin/../lib/gcc/arm-none-eabi/5.4.1/../../../../arm-none-eabi/lib/armv7-m\libg_nano.a(lib_a-nano-svfprintf.o)
 .ARM.attributes
                0x0000071b       0x2d c:/program files (x86)/cypress/psoc creator/4.3/psoc creator/import/gnu/arm/5.4.1/bin/../lib/gcc/arm-none-eabi/5.4.1/../../../../arm-none-eabi/lib/armv7-m\libg_nano.a(lib_a-sbrkr.o)
 .ARM.attributes
                0x00000748       0x1b c:/program files (x86)/cypress/psoc creator/4.3/psoc creator/import/gnu/arm/5.4.1/bin/../lib/gcc/arm-none-eabi/5.4.1/../../../../arm-none-eabi/lib/armv7-m\libg_nano.a(lib_a-strcmp.o)
 .ARM.attributes
                0x00000763       0x2d c:/program files (x86)/cypress/psoc creator/4.3/psoc creator/import/gnu/arm/5.4.1/bin/../lib/gcc/arm-none-eabi/5.4.1/../../../../arm-none-eabi/lib/armv7-m\libg_nano.a(lib_a-memmove.o)
 .ARM.attributes
                0x00000790       0x2d c:/program files (x86)/cypress/psoc creator/4.3/psoc creator/import/gnu/arm/5.4.1/bin/../lib/gcc/arm-none-eabi/5.4.1/../../../../arm-none-eabi/lib/armv7-m\libg_nano.a(lib_a-mlock.o)
 .ARM.attributes
                0x000007bd       0x2d c:/program files (x86)/cypress/psoc creator/4.3/psoc creator/import/gnu/arm/5.4.1/bin/../lib/gcc/arm-none-eabi/5.4.1/../../../../arm-none-eabi/lib/armv7-m\libg_nano.a(lib_a-nano-reallocr.o)
 .ARM.attributes
                0x000007ea       0x2d c:/program files (x86)/cypress/psoc creator/4.3/psoc creator/import/gnu/arm/5.4.1/bin/../lib/gcc/arm-none-eabi/5.4.1/../../../../arm-none-eabi/lib/armv7-m\libg_nano.a(lib_a-reent.o)
 .ARM.attributes
                0x00000817       0x2d c:/program files (x86)/cypress/psoc creator/4.3/psoc creator/import/gnu/arm/5.4.1/bin/../lib/gcc/arm-none-eabi/5.4.1/../../../../arm-none-eabi/lib/armv7-m\libg_nano.a(lib_a-nano-msizer.o)
 .ARM.attributes
                0x00000844       0x1d c:/program files (x86)/cypress/psoc creator/4.3/psoc creator/import/gnu/arm/5.4.1/bin/../lib/gcc/arm-none-eabi/5.4.1/armv7-m\libgcc.a(_arm_cmpdf2.o)
 .ARM.attributes
                0x00000861       0x1d c:/program files (x86)/cypress/psoc creator/4.3/psoc creator/import/gnu/arm/5.4.1/bin/../lib/gcc/arm-none-eabi/5.4.1/armv7-m\libgcc.a(_arm_unorddf2.o)
 .ARM.attributes
                0x0000087e       0x1d c:/program files (x86)/cypress/psoc creator/4.3/psoc creator/import/gnu/arm/5.4.1/bin/../lib/gcc/arm-none-eabi/5.4.1/armv7-m\libgcc.a(_arm_fixdfsi.o)
 .ARM.attributes
                0x0000089b       0x2d c:/program files (x86)/cypress/psoc creator/4.3/psoc creator/import/gnu/arm/5.4.1/bin/../lib/gcc/arm-none-eabi/5.4.1/armv7-m/crtend.o
 .ARM.attributes
                0x000008c8       0x1d c:/program files (x86)/cypress/psoc creator/4.3/psoc creator/import/gnu/arm/5.4.1/bin/../lib/gcc/arm-none-eabi/5.4.1/armv7-m/crtn.o

/DISCARD/
 *(.note.GNU-stack)
OUTPUT(C:\Users\aless\Documents\PSoC_Creator\AY1920_II_HW_05_RATTI_ALESSIO\AY1920_II_HW_05_PROJ_3.cydsn\CortexM3\ARM_GCC_541\Debug\AY1920_II_HW_05_PROJ_3.elf elf32-littlearm)
